#
# There is insufficient memory for the Java Runtime Environment to continue.
# Native memory allocation (mmap) failed to map 266338304 bytes for G1 virtual space
# Possible reasons:
#   The system is out of physical RAM or swap space
#   The process is running with CompressedOops enabled, and the Java Heap may be blocking the growth of the native heap
# Possible solutions:
#   Reduce memory load on the system
#   Increase physical memory or swap space
#   Check if swap backing store is full
#   Decrease Java heap size (-Xmx/-Xms)
#   Decrease number of Java threads
#   Decrease Java thread stack sizes (-Xss)
#   Set larger code cache with -XX:ReservedCodeCacheSize=
#   JVM is running with Zero Based Compressed Oops mode in which the Java heap is
#     placed in the first 32GB address space. The Java Heap base address is the
#     maximum limit for the native heap growth. Please use -XX:HeapBaseMinAddress
#     to set the Java Heap base and to place the Java Heap above 32GB virtual address.
# This output file may be truncated or incomplete.
#
#  Out of Memory Error (os_windows.cpp:3469), pid=28192, tid=23072
#
# JRE version:  (17.0.1+12) (build )
# Java VM: Java HotSpot(TM) 64-Bit Server VM (17.0.1+12-LTS-39, mixed mode, emulated-client, sharing, tiered, compressed oops, compressed class ptrs, g1 gc, windows-amd64)
# No core dump will be written. Minidumps are not enabled by default on client versions of Windows
#

---------------  S U M M A R Y ------------

Command Line: -agentlib:jdwp=transport=dt_socket,address=127.0.0.1:51048,suspend=y,server=n -agentpath:C:\Users\moeha\AppData\Local\Temp\idea_libasyncProfiler_dll_temp_folder7\libasyncProfiler.dll=version,jfr,event=wall,interval=10ms,cstack=no,file=C:\Users\moeha\IdeaSnapshots\OlympicAcademyManagement_2026_09_13_190325.jfr,dbghelppath=C:\Users\moeha\AppData\Local\Temp\idea_dbghelp_dll_temp_folder7\dbghelp.dll,log=C:\Users\moeha\AppData\Local\Temp\OlympicAcademyManagement_2026_09_13_190325.jfr.log.txt,logLevel=DEBUG -XX:TieredStopAtLevel=1 -Dspring.profiles.active=local -Dspring.output.ansi.enabled=always -Dcom.sun.management.jmxremote -Dspring.jmx.enabled=true -Dspring.liveBeansView.mbeanDomain -Dspring.application.admin.enabled=true -Dmanagement.endpoints.jmx.exposure.include=* -javaagent:C:\Users\moeha\AppData\Local\JetBrains\IntelliJIdea2024.3\captureAgent\debugger-agent.jar -Dkotlinx.coroutines.debug.enable.creation.stack.trace=false -Ddebugger.agent.enable.coroutines=true -Dkotlinx.coroutines.debug.enable.flows.stack.trace=true -Dkotlinx.coroutines.debug.enable.mutable.state.flows.stack.trace=true -Dfile.encoding=UTF-8 bs.service.ms.olympic.academy.OlympicAcademyManagement

Host: Intel(R) Core(TM) i7-8850H CPU @ 2.60GHz, 12 cores, 15G,  Windows 10 , 64 bit Build 26100 (10.0.26100.7705)
Time: Sun Sep 13 19:03:27 2026 Egypt Daylight Time elapsed time: 1.459241 seconds (0d 0h 0m 1s)

---------------  T H R E A D  ---------------

Current thread (0x00000251a2bef570):  JavaThread "Unknown thread" [_thread_in_vm, id=23072, stack(0x000000a3d2f00000,0x000000a3d3000000)]

Stack: [0x000000a3d2f00000,0x000000a3d3000000]
Native frames: (J=compiled Java code, j=interpreted, Vv=VM code, C=native code)
V  [jvm.dll+0x66fa1a]
V  [jvm.dll+0x7ce5a4]
V  [jvm.dll+0x7cfd4e]
V  [jvm.dll+0x7d03b3]
V  [jvm.dll+0x242b05]
V  [jvm.dll+0x66ca39]
V  [jvm.dll+0x661502]
V  [jvm.dll+0x30081b]
V  [jvm.dll+0x307da6]
V  [jvm.dll+0x357a1e]
V  [jvm.dll+0x357c4f]
V  [jvm.dll+0x2d7ad8]
V  [jvm.dll+0x2d8a44]
V  [jvm.dll+0x7a01e1]
V  [jvm.dll+0x365791]
V  [jvm.dll+0x77f6cc]
V  [jvm.dll+0x3e812f]
V  [jvm.dll+0x3e9bd1]
C  [jli.dll+0x527b]
C  [ucrtbase.dll+0x37b0]
C  [KERNEL32.DLL+0x2e8d7]
C  [ntdll.dll+0x8c40c]


---------------  P R O C E S S  ---------------

Threads class SMR info:
_java_thread_list=0x00007ff9a1797818, length=0, elements={
}

Java Threads: ( => current thread )

Other Threads:
  0x00000251a2c4b2e0 GCTaskThread "GC Thread#0" [stack: 0x000000a3d3000000,0x000000a3d3100000] [id=26280]
  0x00000251a2c5bdf0 ConcurrentGCThread "G1 Main Marker" [stack: 0x000000a3d3100000,0x000000a3d3200000] [id=26772]
  0x00000251a2c5d600 ConcurrentGCThread "G1 Conc#0" [stack: 0x000000a3d3200000,0x000000a3d3300000] [id=26844]

[error occurred during error reporting (printing all threads), id 0xc0000005, EXCEPTION_ACCESS_VIOLATION (0xc0000005) at pc=0x00007ff9a0fe84b7]

VM state: not at safepoint (not fully initialized)

VM Mutex/Monitor currently owned by a thread:  ([mutex/lock_event])
[0x00000251a2be9390] Heap_lock - owner thread: 0x00000251a2bef570

Heap address: 0x0000000703400000, size: 4044 MB, Compressed Oops mode: Zero based, Oop shift amount: 3

CDS archive(s) mapped at: [0x0000000000000000-0x0000000000000000-0x0000000000000000), size 0, SharedBaseAddress: 0x0000000800000000, ArchiveRelocationMode: 0.
Narrow klass base: 0x0000000000000000, Narrow klass shift: 0, Narrow klass range: 0x0

GC Precious Log:
<Empty>

Heap:
 garbage-first heap   total 0K, used 0K [0x0000000703400000, 0x0000000800000000)
  region size 2048K, 0 young (0K), 0 survivors (0K)

[error occurred during error reporting (printing heap information), id 0xc0000005, EXCEPTION_ACCESS_VIOLATION (0xc0000005) at pc=0x00007ff9a13c8d89]

GC Heap History (0 events):
No events

Deoptimization events (0 events):
No events

Classes unloaded (0 events):
No events

Classes redefined (0 events):
No events

Internal exceptions (0 events):
No events

VM Operations (0 events):
No events

Events (2 events):
Event: 0.033 Loaded shared library C:\Program Files\Java\jdk-17.0.1\bin\java.dll
Event: 0.034 Loaded shared library C:\Program Files\Java\jdk-17.0.1\bin\zip.dll


Dynamic libraries:
0x00007ff7438f0000 - 0x00007ff743900000 	C:\Program Files\Java\jdk-17.0.1\bin\java.exe
0x00007ffa70d00000 - 0x00007ffa70f68000 	C:\WINDOWS\SYSTEM32\ntdll.dll
0x00007ffa704d0000 - 0x00007ffa70599000 	C:\WINDOWS\System32\KERNEL32.DLL
0x00007ffa6e5e0000 - 0x00007ffa6e9d1000 	C:\WINDOWS\System32\KERNELBASE.dll
0x00007ffa6d610000 - 0x00007ffa6d75b000 	C:\WINDOWS\System32\ucrtbase.dll
0x00007ffa38d80000 - 0x00007ffa38d98000 	C:\Program Files\Java\jdk-17.0.1\bin\jli.dll
0x00007ffa38ea0000 - 0x00007ffa38eba000 	C:\Program Files\Java\jdk-17.0.1\bin\VCRUNTIME140.dll
0x00007ffa701a0000 - 0x00007ffa70254000 	C:\WINDOWS\System32\ADVAPI32.dll
0x00007ffa6ebe0000 - 0x00007ffa6ec89000 	C:\WINDOWS\System32\msvcrt.dll
0x00007ffa6eaa0000 - 0x00007ffa6eb46000 	C:\WINDOWS\System32\sechost.dll
0x00007ffa702a0000 - 0x00007ffa703b8000 	C:\WINDOWS\System32\RPCRT4.dll
0x00007ffa6f8e0000 - 0x00007ffa6faa6000 	C:\WINDOWS\System32\USER32.dll
0x00007ffa4cc70000 - 0x00007ffa4cf03000 	C:\WINDOWS\WinSxS\amd64_microsoft.windows.common-controls_6595b64144ccf1df_6.0.26100.7824_none_3e0870b2e3345462\COMCTL32.dll
0x00007ffa6d5e0000 - 0x00007ffa6d607000 	C:\WINDOWS\System32\win32u.dll
0x00007ffa70260000 - 0x00007ffa7028b000 	C:\WINDOWS\System32\GDI32.dll
0x00007ffa6d8e0000 - 0x00007ffa6da0b000 	C:\WINDOWS\System32\gdi32full.dll
0x00007ffa6e280000 - 0x00007ffa6e323000 	C:\WINDOWS\System32\msvcp_win.dll
0x00007ffa63aa0000 - 0x00007ffa63aab000 	C:\WINDOWS\SYSTEM32\VERSION.dll
0x00007ffa6fbf0000 - 0x00007ffa6fc21000 	C:\WINDOWS\System32\IMM32.DLL
0x00007ffa3b550000 - 0x00007ffa3b55c000 	C:\Program Files\Java\jdk-17.0.1\bin\vcruntime140_1.dll
0x00007ff9eabd0000 - 0x00007ff9eac5d000 	C:\Program Files\Java\jdk-17.0.1\bin\msvcp140.dll
0x00007ff9a0d00000 - 0x00007ff9a18be000 	C:\Program Files\Java\jdk-17.0.1\bin\server\jvm.dll
0x00007ffa6ee90000 - 0x00007ffa6ee98000 	C:\WINDOWS\System32\PSAPI.DLL
0x00007ffa611b0000 - 0x00007ffa611ba000 	C:\WINDOWS\SYSTEM32\WSOCK32.dll
0x00007ffa5dcf0000 - 0x00007ffa5dd25000 	C:\WINDOWS\SYSTEM32\WINMM.dll
0x00007ffa6f050000 - 0x00007ffa6f0c4000 	C:\WINDOWS\System32\WS2_32.dll
0x00007ffa6c340000 - 0x00007ffa6c35b000 	C:\WINDOWS\SYSTEM32\kernel.appcore.dll
0x00007ffa3a8c0000 - 0x00007ffa3a8ca000 	C:\Program Files\Java\jdk-17.0.1\bin\jimage.dll
0x00007ffa6b650000 - 0x00007ffa6b892000 	C:\WINDOWS\SYSTEM32\DBGHELP.DLL
0x00007ffa6fe10000 - 0x00007ffa70196000 	C:\WINDOWS\System32\combase.dll
0x00007ffa6fb10000 - 0x00007ffa6fbe7000 	C:\WINDOWS\System32\OLEAUT32.dll
0x00007ffa536e0000 - 0x00007ffa5371b000 	C:\WINDOWS\SYSTEM32\dbgcore.DLL
0x00007ffa6e330000 - 0x00007ffa6e3d5000 	C:\WINDOWS\System32\bcryptPrimitives.dll
0x00007ffa2a360000 - 0x00007ffa2a39b000 	C:\Program Files\Java\jdk-17.0.1\bin\jdwp.dll
0x00007ff9bf910000 - 0x00007ff9bfb1e000 	C:\Users\moeha\AppData\Local\Temp\idea_libasyncProfiler_dll_temp_folder7\libasyncProfiler.dll
0x00007ffa2e080000 - 0x00007ffa2e08e000 	C:\Program Files\Java\jdk-17.0.1\bin\instrument.dll
0x00007ffa38d50000 - 0x00007ffa38d75000 	C:\Program Files\Java\jdk-17.0.1\bin\java.dll
0x00007ffa38ab0000 - 0x00007ffa38ac8000 	C:\Program Files\Java\jdk-17.0.1\bin\zip.dll

dbghelp: loaded successfully - version: 4.0.5 - missing functions: none
symbol engine: initialized successfully - sym options: 0x614 - pdb path: .;C:\Program Files\Java\jdk-17.0.1\bin;C:\WINDOWS\SYSTEM32;C:\WINDOWS\WinSxS\amd64_microsoft.windows.common-controls_6595b64144ccf1df_6.0.26100.7824_none_3e0870b2e3345462;C:\Program Files\Java\jdk-17.0.1\bin\server;C:\Users\moeha\AppData\Local\Temp\idea_libasyncProfiler_dll_temp_folder7

VM Arguments:
jvm_args: -agentlib:jdwp=transport=dt_socket,address=127.0.0.1:51048,suspend=y,server=n -agentpath:C:\Users\moeha\AppData\Local\Temp\idea_libasyncProfiler_dll_temp_folder7\libasyncProfiler.dll=version,jfr,event=wall,interval=10ms,cstack=no,file=C:\Users\moeha\IdeaSnapshots\OlympicAcademyManagement_2026_09_13_190325.jfr,dbghelppath=C:\Users\moeha\AppData\Local\Temp\idea_dbghelp_dll_temp_folder7\dbghelp.dll,log=C:\Users\moeha\AppData\Local\Temp\OlympicAcademyManagement_2026_09_13_190325.jfr.log.txt,logLevel=DEBUG -XX:TieredStopAtLevel=1 -Dspring.profiles.active=local -Dspring.output.ansi.enabled=always -Dcom.sun.management.jmxremote -Dspring.jmx.enabled=true -Dspring.liveBeansView.mbeanDomain -Dspring.application.admin.enabled=true -Dmanagement.endpoints.jmx.exposure.include=* -javaagent:C:\Users\moeha\AppData\Local\JetBrains\IntelliJIdea2024.3\captureAgent\debugger-agent.jar -Dkotlinx.coroutines.debug.enable.creation.stack.trace=false -Ddebugger.agent.enable.coroutines=true -Dkotlinx.coroutines.debug.enable.flows.stack.trace=true -Dkotlinx.coroutines.debug.enable.mutable.state.flows.stack.trace=true -Dfile.encoding=UTF-8 
java_command: bs.service.ms.olympic.academy.OlympicAcademyManagement
java_class_path (initial): D:\BOB Projects\OlympicAcadmyManagement\olympic-academy-management\service\ms\olympic\olympic-academy-management\target\classes;D:\BOB Projects\OlympicAcadmyManagement\olympic-academy-management\service\service\user\user-core\target\classes;D:\BOB Projects\OlympicAcadmyManagement\olympic-academy-management\service\service\user\user-api\target\classes;D:\BOB Projects\OlympicAcadmyManagement\olympic-academy-management\service\service\user\user-model\target\classes;D:\BOB Projects\OlympicAcadmyManagement\olympic-academy-management\service\service\user\user-repository\target\classes;D:\BOB Projects\OlympicAcadmyManagement\olympic-academy-management\service\service\employee\employee-core\target\classes;D:\BOB Projects\OlympicAcadmyManagement\olympic-academy-management\service\service\employee\employee-api\target\classes;D:\BOB Projects\OlympicAcadmyManagement\olympic-academy-management\service\service\employee\employee-model\target\classes;D:\BOB Projects\OlympicAcadmyManagement\olympic-academy-management\service\service\employee\employee-repository\target\classes;D:\BOB Projects\OlympicAcadmyManagement\olympic-academy-management\service\service\file\file-core\target\classes;D:\BOB Projects\OlympicAcadmyManagement\olympic-academy-management\service\service\file\file-api\target\classes;D:\BOB Projects\OlympicAcadmyManagement\olympic-academy-management\service\service\file\file-model\target\classes;D:\BOB Projects\OlympicAcadmyManagement\olympic-academy-management\service\service\file\file-repository\target\classes;D:\BOB Projects\OlympicAcadmyManagement\olympic-academy-management\service\service\file\file-proxy\target\classes;D:\BOB Projects\OlympicAcadmyManagement\olympic-academy-management\service\service\trainee\trainee-core\target\classes;D:\BOB Projects\OlympicAcadmyManagement\olympic-academy-management\service\service\trainee\trainee-api\target\classes;D:\BOB Projects\OlympicAcadmyManagement\olympic-academy-management\service\service\tra
Launcher Type: SUN_STANDARD

[Global flags]
     intx CICompilerCount                          = 4                                         {product} {ergonomic}
     uint ConcGCThreads                            = 3                                         {product} {ergonomic}
     uint G1ConcRefinementThreads                  = 10                                        {product} {ergonomic}
   size_t G1HeapRegionSize                         = 2097152                                   {product} {ergonomic}
    uintx GCDrainStackTargetSize                   = 64                                        {product} {ergonomic}
   size_t InitialHeapSize                          = 266338304                                 {product} {ergonomic}
     bool ManagementServer                         = true                                      {product} {command line}
   size_t MarkStackSize                            = 4194304                                   {product} {ergonomic}
   size_t MaxHeapSize                              = 4240441344                                {product} {ergonomic}
   size_t MinHeapDeltaBytes                        = 2097152                                   {product} {ergonomic}
   size_t MinHeapSize                              = 8388608                                   {product} {ergonomic}
    uintx NonProfiledCodeHeapSize                  = 0                                      {pd product} {ergonomic}
     bool ProfileInterpreter                       = false                                  {pd product} {command line}
    uintx ProfiledCodeHeapSize                     = 0                                      {pd product} {ergonomic}
   size_t SoftMaxHeapSize                          = 4240441344                             {manageable} {ergonomic}
     intx TieredStopAtLevel                        = 1                                         {product} {command line}
     bool UseCompressedClassPointers               = true                           {product lp64_product} {ergonomic}
     bool UseCompressedOops                        = true                           {product lp64_product} {ergonomic}
     bool UseG1GC                                  = true                                      {product} {ergonomic}
     bool UseLargePagesIndividualAllocation        = false                                  {pd product} {ergonomic}

Logging:
Log output configuration:
 #0: stdout all=warning uptime,level,tags
 #1: stderr all=off uptime,level,tags

Environment Variables:
JAVA_HOME=C:\Program Files\Java\jdk-17.0.1
PATH=C:\Program Files\Java\jdk-17.0.1\bin;C:\Program Files\Java\jdk-17.0.1\bin;C:\Program Files\Common Files\Oracle\Java\javapath;C:\Program Files (x86)\Common Files\Oracle\Java\javapath;C:\WINDOWS\system32;C:\WINDOWS;C:\WINDOWS\System32\Wbem;C:\WINDOWS\System32\WindowsPowerShell\v1.0\;C:\WINDOWS\System32\OpenSSH\;C:\Program Files\nodejs\;C:\ProgramData\chocolatey\bin;C:\apache-maven-3.9.5\bin;C:\xampp\php;C:\Users\moeha\AppData\Local\Programs\Python\Python311\Scripts;C:\Program Files\Git\cmd;C:\Program Files (x86)\Microsoft SQL Server\160\DTS\Binn\;C:\Program Files\PuTTY\;C:\Users\moeha\AppData\Local\Programs\Python\Python311\;C:\msys64\mingw64\bin;C:\Program Files\dotnet\;C:\Users\moeha\AppData\Roaming\Python\Scripts;C:\Program Files\Heroku\bin;C:\Program Files\Java\jdk-23.0.1\bin;C:\Program Files\Docker\Docker\resources\bin;C:\Program Files\PowerShell\7-preview\preview;C:\Program Files (x86)\cloudflared\;C:\Program Files\PowerShell\7\;c:\Users\moeha\AppData\Local\Programs\cursor\resources\app\codeBin;c:\Users\moeha\AppData\Local\Programs\Trae\bin;%PYTHON_HOME%;C:\Users\moeha\AppData\Local\Programs\Python\Python312\Scripts\;C:\Users\moeha\AppData\Local\Programs\Python\Python312\;C:\Program Files\MySQL\MySQL Shell 8.0\bin\;C:\Users\moeha\AppData\Local\Microsoft\WindowsApps;C:\Users\moeha\AppData\Local\Programs\Microsoft VS Code\bin;C:\Users\moeha\AppData\Roaming\npm;C:\Users\moeha\.dotnet\tools;C:\Program Files\JetBrains\PyCharm 2024.2.2\bin;;C:\msys64\mingw64\lib\python3.11\site-packages\pip;C:\Program Files\heroku\bin;C:\Program Files\JetBrains\IntelliJ IDEA 2024.3.1.1\bin;;C:\Users\moeha\AppData\Local\GitHubDesktop\bin;C:\Users\moeha\AppData\Local\Programs\cursor\resources\app\bin;C:\Users\moeha\AppData\Local\Algoora\bin
USERNAME=BOBO
OS=Windows_NT
PROCESSOR_IDENTIFIER=Intel64 Family 6 Model 158 Stepping 10, GenuineIntel



---------------  S Y S T E M  ---------------

OS:
 Windows 10 , 64 bit Build 26100 (10.0.26100.7705)
OS uptime: 1 days 3:07 hours
Hyper-V role detected

CPU: total 12 (initial active 12) (6 cores per cpu, 2 threads per core) family 6 model 158 stepping 10 microcode 0xf8, cx8, cmov, fxsr, ht, mmx, 3dnowpref, sse, sse2, sse3, ssse3, sse4.1, sse4.2, popcnt, lzcnt, tsc, tscinvbit, avx, avx2, aes, erms, clmul, bmi1, bmi2, rtm, adx, fma, vzeroupper, clflush, clflushopt, hv

Memory: 4k page, system-wide physical 16175M (981M free)
TotalPageFile size 28463M (AvailPageFile size 42M)
current process WorkingSet (physical memory assigned to process): 14M, peak: 14M
current process commit charge ("private bytes"): 71M, peak: 325M

vm_info: Java HotSpot(TM) 64-Bit Server VM (17.0.1+12-LTS-39) for windows-amd64 JRE (17.0.1+12-LTS-39), built on Sep 27 2021 18:41:35 by "mach5one" with MS VC++ 16.8 (VS2019)

END.
