#
# There is insufficient memory for the Java Runtime Environment to continue.
# Native memory allocation (mmap) failed to map 939524096 bytes for G1 virtual space
# Possible reasons:
#   The system is out of physical RAM or swap space
#   The process is running with CompressedOops enabled, and the Java Heap may be blocking the growth of the native heap
# Possible solutions:
#   Reduce memory load on the system
#   Increase physical memory or swap space
#   Check if swap backing store is full
#   Decrease Java heap size (-Xmx/-Xms)
#   Decrease number of Java threads
#   Decrease Java thread stack sizes (-Xss)
#   Set larger code cache with -XX:ReservedCodeCacheSize=
#   JVM is running with Zero Based Compressed Oops mode in which the Java heap is
#     placed in the first 32GB address space. The Java Heap base address is the
#     maximum limit for the native heap growth. Please use -XX:HeapBaseMinAddress
#     to set the Java Heap base and to place the Java Heap above 32GB virtual address.
# This output file may be truncated or incomplete.
#
#  Out of Memory Error (os_windows.cpp:3469), pid=34720, tid=3712
#
# JRE version: Java(TM) SE Runtime Environment (17.0.1+12) (build 17.0.1+12-LTS-39)
# Java VM: Java HotSpot(TM) 64-Bit Server VM (17.0.1+12-LTS-39, mixed mode, sharing, tiered, compressed oops, compressed class ptrs, g1 gc, windows-amd64)
# No core dump will be written. Minidumps are not enabled by default on client versions of Windows
#

---------------  S U M M A R Y ------------

Command Line: -Dclassworlds.conf=C:\apache-maven-3.9.5\bin\m2.conf -Dmaven.home=C:\apache-maven-3.9.5 -Dlibrary.jansi.path=C:\apache-maven-3.9.5\lib\jansi-native -Dmaven.multiModuleProjectDirectory=D:\BOB Projects\OlympicAcadmyManagement\olympic-academy-management org.codehaus.plexus.classworlds.launcher.Launcher clean compile

Host: Intel(R) Core(TM) i7-8850H CPU @ 2.60GHz, 12 cores, 15G,  Windows 10 , 64 bit Build 26100 (10.0.26100.7705)
Time: Fri Aug 28 23:08:39 2026 Egypt Daylight Time elapsed time: 233.828352 seconds (0d 0h 3m 53s)

---------------  T H R E A D  ---------------

Current thread (0x000001ad7f54e480):  VMThread "VM Thread" [stack: 0x0000004b85000000,0x0000004b85100000] [id=3712]

Stack: [0x0000004b85000000,0x0000004b85100000]
Native frames: (J=compiled Java code, j=interpreted, Vv=VM code, C=native code)
V  [jvm.dll+0x66fa1a]
V  [jvm.dll+0x7ce5a4]
V  [jvm.dll+0x7cfd4e]
V  [jvm.dll+0x7d03b3]
V  [jvm.dll+0x242b05]
V  [jvm.dll+0x66ca39]
V  [jvm.dll+0x661502]
V  [jvm.dll+0x30081b]
V  [jvm.dll+0x307da6]
V  [jvm.dll+0x357a1e]
V  [jvm.dll+0x357c4f]
V  [jvm.dll+0x2d7ad8]
V  [jvm.dll+0x2d5da4]
V  [jvm.dll+0x2d53ac]
V  [jvm.dll+0x318d0b]
V  [jvm.dll+0x7d484b]
V  [jvm.dll+0x7d5584]
V  [jvm.dll+0x7d5a9c]
V  [jvm.dll+0x7d5e74]
V  [jvm.dll+0x7d5f40]
V  [jvm.dll+0x77e91a]
V  [jvm.dll+0x66e845]
C  [ucrtbase.dll+0x37b0]
C  [KERNEL32.DLL+0x2e8d7]
C  [ntdll.dll+0x8c40c]

VM_Operation (0x0000004b84afd330): G1CollectForAllocation, mode: safepoint, requested by thread 0x000001ad69886210


---------------  P R O C E S S  ---------------

Threads class SMR info:
_java_thread_list=0x000001ad15527820, length=12, elements={
0x000001ad69886210, 0x000001ad7f669e60, 0x000001ad7f66aa10, 0x000001ad7f683630,
0x000001ad7f683ef0, 0x000001ad7f6848a0, 0x000001ad7f685250, 0x000001ad7f6866d0,
0x000001ad7f687910, 0x000001ad7f68a310, 0x000001ad7f7cf360, 0x000001ad7f7dc680
}

Java Threads: ( => current thread )
  0x000001ad69886210 JavaThread "main" [_thread_blocked, id=28632, stack(0x0000004b84a00000,0x0000004b84b00000)]
  0x000001ad7f669e60 JavaThread "Reference Handler" daemon [_thread_blocked, id=13920, stack(0x0000004b85100000,0x0000004b85200000)]
  0x000001ad7f66aa10 JavaThread "Finalizer" daemon [_thread_blocked, id=37348, stack(0x0000004b85200000,0x0000004b85300000)]
  0x000001ad7f683630 JavaThread "Signal Dispatcher" daemon [_thread_blocked, id=17284, stack(0x0000004b85300000,0x0000004b85400000)]
  0x000001ad7f683ef0 JavaThread "Attach Listener" daemon [_thread_blocked, id=5940, stack(0x0000004b85400000,0x0000004b85500000)]
  0x000001ad7f6848a0 JavaThread "Service Thread" daemon [_thread_blocked, id=38520, stack(0x0000004b85500000,0x0000004b85600000)]
  0x000001ad7f685250 JavaThread "Monitor Deflation Thread" daemon [_thread_blocked, id=11944, stack(0x0000004b85600000,0x0000004b85700000)]
  0x000001ad7f6866d0 JavaThread "C2 CompilerThread0" daemon [_thread_blocked, id=35836, stack(0x0000004b85700000,0x0000004b85800000)]
  0x000001ad7f687910 JavaThread "C1 CompilerThread0" daemon [_thread_blocked, id=13856, stack(0x0000004b85800000,0x0000004b85900000)]
  0x000001ad7f68a310 JavaThread "Sweeper thread" daemon [_thread_blocked, id=35604, stack(0x0000004b85900000,0x0000004b85a00000)]
  0x000001ad7f7cf360 JavaThread "Notification Thread" daemon [_thread_blocked, id=38540, stack(0x0000004b85a00000,0x0000004b85b00000)]
  0x000001ad7f7dc680 JavaThread "Common-Cleaner" daemon [_thread_blocked, id=4856, stack(0x0000004b85c00000,0x0000004b85d00000)]

Other Threads:
=>0x000001ad7f54e480 VMThread "VM Thread" [stack: 0x0000004b85000000,0x0000004b85100000] [id=3712]
  0x000001ad699089f0 WatcherThread [stack: 0x0000004b85b00000,0x0000004b85c00000] [id=28056]
  0x000001ad698d3cc0 GCTaskThread "GC Thread#0" [stack: 0x0000004b84b00000,0x0000004b84c00000] [id=15992]
  0x000001ad0f84cb40 GCTaskThread "GC Thread#1" [stack: 0x0000004b85f00000,0x0000004b86000000] [id=13108]
  0x000001ad0fe15000 GCTaskThread "GC Thread#2" [stack: 0x0000004b86000000,0x0000004b86100000] [id=15136]
  0x000001ad0fe152b0 GCTaskThread "GC Thread#3" [stack: 0x0000004b86100000,0x0000004b86200000] [id=19616]
  0x000001ad7fa5d580 GCTaskThread "GC Thread#4" [stack: 0x0000004b86200000,0x0000004b86300000] [id=13180]
  0x000001ad10330730 GCTaskThread "GC Thread#5" [stack: 0x0000004b86300000,0x0000004b86400000] [id=5868]
  0x000001ad0f89e260 GCTaskThread "GC Thread#6" [stack: 0x0000004b86400000,0x0000004b86500000] [id=21196]
  0x000001ad0f89e510 GCTaskThread "GC Thread#7" [stack: 0x0000004b86500000,0x0000004b86600000] [id=28644]
  0x000001ad0fe06230 GCTaskThread "GC Thread#8" [stack: 0x0000004b85e00000,0x0000004b85f00000] [id=32960]
  0x000001ad1098bbf0 GCTaskThread "GC Thread#9" [stack: 0x0000004b86600000,0x0000004b86700000] [id=1048]
  0x000001ad698e48c0 ConcurrentGCThread "G1 Main Marker" [stack: 0x0000004b84c00000,0x0000004b84d00000] [id=6172]
  0x000001ad698e6fb0 ConcurrentGCThread "G1 Conc#0" [stack: 0x0000004b84d00000,0x0000004b84e00000] [id=14312]
  0x000001ad10e34330 ConcurrentGCThread "G1 Conc#1" [stack: 0x0000004b87100000,0x0000004b87200000] [id=2880]
  0x000001ad10e33dd0 ConcurrentGCThread "G1 Conc#2" [stack: 0x0000004b87200000,0x0000004b87300000] [id=17732]
  0x000001ad7f416aa0 ConcurrentGCThread "G1 Refine#0" [stack: 0x0000004b84e00000,0x0000004b84f00000] [id=6896]
  0x000001ad0fad3270 ConcurrentGCThread "G1 Refine#1" [stack: 0x0000004b86800000,0x0000004b86900000] [id=18588]
  0x000001ad106c4d30 ConcurrentGCThread "G1 Refine#2" [stack: 0x0000004b86900000,0x0000004b86a00000] [id=22728]
  0x000001ad103bbf40 ConcurrentGCThread "G1 Refine#3" [stack: 0x0000004b86a00000,0x0000004b86b00000] [id=3004]
  0x000001ad12105fe0 ConcurrentGCThread "G1 Refine#4" [stack: 0x0000004b86b00000,0x0000004b86c00000] [id=38300]
  0x000001ad105d84e0 ConcurrentGCThread "G1 Refine#5" [stack: 0x0000004b86c00000,0x0000004b86d00000] [id=24316]
  0x000001ad105d8bd0 ConcurrentGCThread "G1 Refine#6" [stack: 0x0000004b86d00000,0x0000004b86e00000] [id=18204]
  0x000001ad105d8eb0 ConcurrentGCThread "G1 Refine#7" [stack: 0x0000004b86e00000,0x0000004b86f00000] [id=32964]
  0x000001ad119dad40 ConcurrentGCThread "G1 Refine#8" [stack: 0x0000004b86f00000,0x0000004b87000000] [id=10976]
  0x000001ad10fcd440 ConcurrentGCThread "G1 Refine#9" [stack: 0x0000004b87000000,0x0000004b87100000] [id=22716]
  0x000001ad7f417360 ConcurrentGCThread "G1 Service" [stack: 0x0000004b84f00000,0x0000004b85000000] [id=4920]

Threads with active compile tasks:
C1 CompilerThread0   233963 20333   !   3       org.apache.maven.project.DefaultProjectDependenciesResolver::resolve (1087 bytes)

VM state: at safepoint (normal execution)

VM Mutex/Monitor currently owned by a thread:  ([mutex/lock_event])
[0x000001ad698806b0] Threads_lock - owner thread: 0x000001ad7f54e480
[0x000001ad69881b80] Heap_lock - owner thread: 0x000001ad69886210

Heap address: 0x0000000703400000, size: 4044 MB, Compressed Oops mode: Zero based, Oop shift amount: 3

CDS archive(s) mapped at: [0x0000000800000000-0x0000000800bc0000-0x0000000800bc0000), size 12320768, SharedBaseAddress: 0x0000000800000000, ArchiveRelocationMode: 0.
Compressed class space mapped at: 0x0000000800c00000-0x0000000840c00000, reserved size: 1073741824
Narrow klass base: 0x0000000800000000, Narrow klass shift: 0, Narrow klass range: 0x100000000

GC Precious Log:
 CPUs: 12 total, 12 available
 Memory: 16175M
 Large Page Support: Disabled
 NUMA Support: Disabled
 Compressed Oops: Enabled (Zero based)
 Heap Region Size: 2M
 Heap Min Capacity: 8M
 Heap Initial Capacity: 254M
 Heap Max Capacity: 4044M
 Pre-touch: Disabled
 Parallel Workers: 10
 Concurrent Workers: 3
 Concurrent Refinement Workers: 10
 Periodic GC: Disabled

Heap:
 garbage-first heap   total 600064K, used 133463K [0x0000000703400000, 0x0000000800000000)
  region size 2048K, 1 young (2048K), 1 survivors (2048K)
 Metaspace       used 56851K, committed 61056K, reserved 1138688K
  class space    used 6520K, committed 7680K, reserved 1048576K

Heap Regions: E=young(eden), S=young(survivor), O=old, HS=humongous(starts), HC=humongous(continues), CS=collection set, F=free, OA=open archive, CA=closed archive, TAMS=top-at-mark-start (previous, next)
|   0|0x0000000703400000, 0x0000000703600000, 0x0000000703600000|100%| O|  |TAMS 0x0000000703600000, 0x0000000703400000| Untracked 
|   1|0x0000000703600000, 0x0000000703800000, 0x0000000703800000|100%| O|  |TAMS 0x0000000703800000, 0x0000000703600000| Untracked 
|   2|0x0000000703800000, 0x0000000703a00000, 0x0000000703a00000|100%| O|  |TAMS 0x0000000703a00000, 0x0000000703800000| Untracked 
|   3|0x0000000703a00000, 0x0000000703c00000, 0x0000000703c00000|100%| O|  |TAMS 0x0000000703a00000, 0x0000000703a00000| Untracked 
|   4|0x0000000703c00000, 0x0000000703e00000, 0x0000000703e00000|100%| O|  |TAMS 0x0000000703e00000, 0x0000000703c00000| Untracked 
|   5|0x0000000703e00000, 0x0000000704000000, 0x0000000704000000|100%|HS|  |TAMS 0x0000000704000000, 0x0000000703e00000| Complete 
|   6|0x0000000704000000, 0x0000000704200000, 0x0000000704200000|100%| O|  |TAMS 0x0000000704200000, 0x0000000704000000| Untracked 
|   7|0x0000000704200000, 0x0000000704400000, 0x0000000704400000|100%| O|  |TAMS 0x0000000704400000, 0x0000000704200000| Untracked 
|   8|0x0000000704400000, 0x0000000704600000, 0x0000000704600000|100%| O|  |TAMS 0x0000000704600000, 0x0000000704400000| Untracked 
|   9|0x0000000704600000, 0x0000000704800000, 0x0000000704800000|100%| O|  |TAMS 0x0000000704800000, 0x0000000704600000| Untracked 
|  10|0x0000000704800000, 0x0000000704a00000, 0x0000000704a00000|100%| O|  |TAMS 0x0000000704a00000, 0x0000000704800000| Untracked 
|  11|0x0000000704a00000, 0x0000000704c00000, 0x0000000704c00000|100%| O|  |TAMS 0x0000000704c00000, 0x0000000704a00000| Untracked 
|  12|0x0000000704c00000, 0x0000000704e00000, 0x0000000704e00000|100%| O|  |TAMS 0x0000000704e00000, 0x0000000704c00000| Untracked 
|  13|0x0000000704e00000, 0x0000000705000000, 0x0000000705000000|100%| O|  |TAMS 0x0000000705000000, 0x0000000704e00000| Untracked 
|  14|0x0000000705000000, 0x0000000705200000, 0x0000000705200000|100%| O|  |TAMS 0x0000000705200000, 0x0000000705000000| Untracked 
|  15|0x0000000705200000, 0x0000000705400000, 0x0000000705400000|100%| O|  |TAMS 0x0000000705400000, 0x0000000705200000| Untracked 
|  16|0x0000000705400000, 0x0000000705600000, 0x0000000705600000|100%| O|  |TAMS 0x0000000705600000, 0x0000000705400000| Untracked 
|  17|0x0000000705600000, 0x0000000705800000, 0x0000000705800000|100%| O|  |TAMS 0x0000000705800000, 0x0000000705600000| Untracked 
|  18|0x0000000705800000, 0x0000000705a00000, 0x0000000705a00000|100%| O|  |TAMS 0x0000000705a00000, 0x0000000705800000| Untracked 
|  19|0x0000000705a00000, 0x0000000705c00000, 0x0000000705c00000|100%| O|  |TAMS 0x0000000705c00000, 0x0000000705a00000| Untracked 
|  20|0x0000000705c00000, 0x0000000705e00000, 0x0000000705e00000|100%| O|  |TAMS 0x0000000705e00000, 0x0000000705c00000| Untracked 
|  21|0x0000000705e00000, 0x0000000706000000, 0x0000000706000000|100%| O|  |TAMS 0x0000000706000000, 0x0000000705e00000| Untracked 
|  22|0x0000000706000000, 0x0000000706200000, 0x0000000706200000|100%| O|  |TAMS 0x0000000706200000, 0x0000000706000000| Untracked 
|  23|0x0000000706200000, 0x0000000706400000, 0x0000000706400000|100%| O|  |TAMS 0x0000000706400000, 0x0000000706200000| Untracked 
|  24|0x0000000706400000, 0x0000000706537000, 0x0000000706600000| 60%| O|  |TAMS 0x0000000706400000, 0x0000000706400000| Untracked 
|  25|0x0000000706600000, 0x0000000706800000, 0x0000000706800000|100%| O|  |TAMS 0x0000000706800000, 0x0000000706600000| Untracked 
|  26|0x0000000706800000, 0x0000000706800000, 0x0000000706a00000|  0%| F|  |TAMS 0x0000000706800000, 0x0000000706800000| Untracked 
|  27|0x0000000706a00000, 0x0000000706c00000, 0x0000000706c00000|100%| O|  |TAMS 0x0000000706a00000, 0x0000000706a00000| Untracked 
|  28|0x0000000706c00000, 0x0000000706e00000, 0x0000000706e00000|100%|HS|  |TAMS 0x0000000706e00000, 0x0000000706c00000| Complete 
|  29|0x0000000706e00000, 0x0000000707000000, 0x0000000707000000|100%|HC|  |TAMS 0x0000000707000000, 0x0000000706e00000| Complete 
|  30|0x0000000707000000, 0x0000000707000000, 0x0000000707200000|  0%| F|  |TAMS 0x0000000707000000, 0x0000000707000000| Untracked 
|  31|0x0000000707200000, 0x0000000707400000, 0x0000000707400000|100%| O|  |TAMS 0x0000000707200000, 0x0000000707200000| Untracked 
|  32|0x0000000707400000, 0x0000000707600000, 0x0000000707600000|100%| O|  |TAMS 0x0000000707600000, 0x0000000707400000| Untracked 
|  33|0x0000000707600000, 0x0000000707800000, 0x0000000707800000|100%| O|  |TAMS 0x0000000707600000, 0x0000000707600000| Untracked 
|  34|0x0000000707800000, 0x0000000707a00000, 0x0000000707a00000|100%| O|  |TAMS 0x0000000707a00000, 0x0000000707800000| Untracked 
|  35|0x0000000707a00000, 0x0000000707c00000, 0x0000000707c00000|100%| O|  |TAMS 0x0000000707c00000, 0x0000000707a00000| Untracked 
|  36|0x0000000707c00000, 0x0000000707e00000, 0x0000000707e00000|100%| O|  |TAMS 0x0000000707e00000, 0x0000000707c00000| Untracked 
|  37|0x0000000707e00000, 0x0000000707e00000, 0x0000000708000000|  0%| F|  |TAMS 0x0000000707e00000, 0x0000000707e00000| Untracked 
|  38|0x0000000708000000, 0x0000000708200000, 0x0000000708200000|100%| O|  |TAMS 0x0000000708200000, 0x0000000708000000| Untracked 
|  39|0x0000000708200000, 0x0000000708400000, 0x0000000708400000|100%| O|  |TAMS 0x0000000708400000, 0x0000000708200000| Untracked 
|  40|0x0000000708400000, 0x0000000708600000, 0x0000000708600000|100%| O|  |TAMS 0x0000000708600000, 0x0000000708400000| Untracked 
|  41|0x0000000708600000, 0x0000000708800000, 0x0000000708800000|100%| O|  |TAMS 0x0000000708800000, 0x0000000708600000| Untracked 
|  42|0x0000000708800000, 0x0000000708800000, 0x0000000708a00000|  0%| F|  |TAMS 0x0000000708800000, 0x0000000708800000| Untracked 
|  43|0x0000000708a00000, 0x0000000708a00000, 0x0000000708c00000|  0%| F|  |TAMS 0x0000000708a00000, 0x0000000708a00000| Untracked 
|  44|0x0000000708c00000, 0x0000000708e00000, 0x0000000708e00000|100%| O|  |TAMS 0x0000000708c00000, 0x0000000708c00000| Untracked 
|  45|0x0000000708e00000, 0x0000000708e00000, 0x0000000709000000|  0%| F|  |TAMS 0x0000000708e00000, 0x0000000708e00000| Untracked 
|  46|0x0000000709000000, 0x0000000709000000, 0x0000000709200000|  0%| F|  |TAMS 0x0000000709000000, 0x0000000709000000| Untracked 
|  47|0x0000000709200000, 0x0000000709400000, 0x0000000709400000|100%| O|  |TAMS 0x0000000709400000, 0x0000000709200000| Untracked 
|  48|0x0000000709400000, 0x0000000709400000, 0x0000000709600000|  0%| F|  |TAMS 0x0000000709400000, 0x0000000709400000| Untracked 
|  49|0x0000000709600000, 0x0000000709800000, 0x0000000709800000|100%| O|  |TAMS 0x0000000709800000, 0x0000000709600000| Untracked 
|  50|0x0000000709800000, 0x0000000709800000, 0x0000000709a00000|  0%| F|  |TAMS 0x0000000709800000, 0x0000000709800000| Untracked 
|  51|0x0000000709a00000, 0x0000000709a00000, 0x0000000709c00000|  0%| F|  |TAMS 0x0000000709a00000, 0x0000000709a00000| Untracked 
|  52|0x0000000709c00000, 0x0000000709c00000, 0x0000000709e00000|  0%| F|  |TAMS 0x0000000709c00000, 0x0000000709c00000| Untracked 
|  53|0x0000000709e00000, 0x000000070a000000, 0x000000070a000000|100%| O|  |TAMS 0x0000000709e00000, 0x0000000709e00000| Untracked 
|  54|0x000000070a000000, 0x000000070a000000, 0x000000070a200000|  0%| F|  |TAMS 0x000000070a000000, 0x000000070a000000| Untracked 
|  55|0x000000070a200000, 0x000000070a400000, 0x000000070a400000|100%| O|  |TAMS 0x000000070a400000, 0x000000070a200000| Untracked 
|  56|0x000000070a400000, 0x000000070a400000, 0x000000070a600000|  0%| F|  |TAMS 0x000000070a400000, 0x000000070a400000| Untracked 
|  57|0x000000070a600000, 0x000000070a600000, 0x000000070a800000|  0%| F|  |TAMS 0x000000070a600000, 0x000000070a600000| Untracked 
|  58|0x000000070a800000, 0x000000070a800000, 0x000000070aa00000|  0%| F|  |TAMS 0x000000070a800000, 0x000000070a800000| Untracked 
|  59|0x000000070aa00000, 0x000000070ac00000, 0x000000070ac00000|100%| O|  |TAMS 0x000000070aa00000, 0x000000070aa00000| Untracked 
|  60|0x000000070ac00000, 0x000000070ac00000, 0x000000070ae00000|  0%| F|  |TAMS 0x000000070ac00000, 0x000000070ac00000| Untracked 
|  61|0x000000070ae00000, 0x000000070ae00000, 0x000000070b000000|  0%| F|  |TAMS 0x000000070ae00000, 0x000000070ae00000| Untracked 
|  62|0x000000070b000000, 0x000000070b000000, 0x000000070b200000|  0%| F|  |TAMS 0x000000070b000000, 0x000000070b000000| Untracked 
|  63|0x000000070b200000, 0x000000070b400000, 0x000000070b400000|100%| O|  |TAMS 0x000000070b400000, 0x000000070b200000| Untracked 
|  64|0x000000070b400000, 0x000000070b600000, 0x000000070b600000|100%| O|  |TAMS 0x000000070b600000, 0x000000070b400000| Untracked 
|  65|0x000000070b600000, 0x000000070b600000, 0x000000070b800000|  0%| F|  |TAMS 0x000000070b600000, 0x000000070b600000| Untracked 
|  66|0x000000070b800000, 0x000000070b800000, 0x000000070ba00000|  0%| F|  |TAMS 0x000000070b800000, 0x000000070b800000| Untracked 
|  67|0x000000070ba00000, 0x000000070bc00000, 0x000000070bc00000|100%| O|  |TAMS 0x000000070bc00000, 0x000000070ba00000| Untracked 
|  68|0x000000070bc00000, 0x000000070bc00000, 0x000000070be00000|  0%| F|  |TAMS 0x000000070bc00000, 0x000000070bc00000| Untracked 
|  69|0x000000070be00000, 0x000000070be00000, 0x000000070c000000|  0%| F|  |TAMS 0x000000070be00000, 0x000000070be00000| Untracked 
|  70|0x000000070c000000, 0x000000070c000000, 0x000000070c200000|  0%| F|  |TAMS 0x000000070c000000, 0x000000070c000000| Untracked 
|  71|0x000000070c200000, 0x000000070c200000, 0x000000070c400000|  0%| F|  |TAMS 0x000000070c200000, 0x000000070c200000| Untracked 
|  72|0x000000070c400000, 0x000000070c400000, 0x000000070c600000|  0%| F|  |TAMS 0x000000070c400000, 0x000000070c400000| Untracked 
|  73|0x000000070c600000, 0x000000070c600000, 0x000000070c800000|  0%| F|  |TAMS 0x000000070c600000, 0x000000070c600000| Untracked 
|  74|0x000000070c800000, 0x000000070c800000, 0x000000070ca00000|  0%| F|  |TAMS 0x000000070c800000, 0x000000070c800000| Untracked 
|  75|0x000000070ca00000, 0x000000070cc00000, 0x000000070cc00000|100%| O|  |TAMS 0x000000070cc00000, 0x000000070ca00000| Untracked 
|  76|0x000000070cc00000, 0x000000070cc00000, 0x000000070ce00000|  0%| F|  |TAMS 0x000000070cc00000, 0x000000070cc00000| Untracked 
|  77|0x000000070ce00000, 0x000000070ce00000, 0x000000070d000000|  0%| F|  |TAMS 0x000000070ce00000, 0x000000070ce00000| Untracked 
|  78|0x000000070d000000, 0x000000070d000000, 0x000000070d200000|  0%| F|  |TAMS 0x000000070d000000, 0x000000070d000000| Untracked 
|  79|0x000000070d200000, 0x000000070d200000, 0x000000070d400000|  0%| F|  |TAMS 0x000000070d200000, 0x000000070d200000| Untracked 
|  80|0x000000070d400000, 0x000000070d400000, 0x000000070d600000|  0%| F|  |TAMS 0x000000070d400000, 0x000000070d400000| Untracked 
|  81|0x000000070d600000, 0x000000070d800000, 0x000000070d800000|100%| O|  |TAMS 0x000000070d800000, 0x000000070d600000| Untracked 
|  82|0x000000070d800000, 0x000000070da00000, 0x000000070da00000|100%| O|  |TAMS 0x000000070da00000, 0x000000070d800000| Untracked 
|  83|0x000000070da00000, 0x000000070dc00000, 0x000000070dc00000|100%| O|  |TAMS 0x000000070dc00000, 0x000000070da00000| Untracked 
|  84|0x000000070dc00000, 0x000000070de00000, 0x000000070de00000|100%| O|  |TAMS 0x000000070de00000, 0x000000070dc00000| Untracked 
|  85|0x000000070de00000, 0x000000070e000000, 0x000000070e000000|100%| O|  |TAMS 0x000000070e000000, 0x000000070de00000| Untracked 
|  86|0x000000070e000000, 0x000000070e000000, 0x000000070e200000|  0%| F|  |TAMS 0x000000070e000000, 0x000000070e000000| Untracked 
|  87|0x000000070e200000, 0x000000070e200000, 0x000000070e400000|  0%| F|  |TAMS 0x000000070e200000, 0x000000070e200000| Untracked 
|  88|0x000000070e400000, 0x000000070e400000, 0x000000070e600000|  0%| F|  |TAMS 0x000000070e400000, 0x000000070e400000| Untracked 
|  89|0x000000070e600000, 0x000000070e800000, 0x000000070e800000|100%| O|  |TAMS 0x000000070e600000, 0x000000070e600000| Untracked 
|  90|0x000000070e800000, 0x000000070e800000, 0x000000070ea00000|  0%| F|  |TAMS 0x000000070e800000, 0x000000070e800000| Untracked 
|  91|0x000000070ea00000, 0x000000070ea00000, 0x000000070ec00000|  0%| F|  |TAMS 0x000000070ea00000, 0x000000070ea00000| Untracked 
|  92|0x000000070ec00000, 0x000000070ec00000, 0x000000070ee00000|  0%| F|  |TAMS 0x000000070ec00000, 0x000000070ec00000| Untracked 
|  93|0x000000070ee00000, 0x000000070ee00000, 0x000000070f000000|  0%| F|  |TAMS 0x000000070ee00000, 0x000000070ee00000| Untracked 
|  94|0x000000070f000000, 0x000000070f200000, 0x000000070f200000|100%| O|  |TAMS 0x000000070f200000, 0x000000070f000000| Untracked 
|  95|0x000000070f200000, 0x000000070f200000, 0x000000070f400000|  0%| F|  |TAMS 0x000000070f200000, 0x000000070f200000| Untracked 
|  96|0x000000070f400000, 0x000000070f400000, 0x000000070f600000|  0%| F|  |TAMS 0x000000070f400000, 0x000000070f400000| Untracked 
|  97|0x000000070f600000, 0x000000070f600000, 0x000000070f800000|  0%| F|  |TAMS 0x000000070f600000, 0x000000070f600000| Untracked 
|  98|0x000000070f800000, 0x000000070f800000, 0x000000070fa00000|  0%| F|  |TAMS 0x000000070f800000, 0x000000070f800000| Untracked 
|  99|0x000000070fa00000, 0x000000070fa00000, 0x000000070fc00000|  0%| F|  |TAMS 0x000000070fa00000, 0x000000070fa00000| Untracked 
| 100|0x000000070fc00000, 0x000000070fc00000, 0x000000070fe00000|  0%| F|  |TAMS 0x000000070fc00000, 0x000000070fc00000| Untracked 
| 101|0x000000070fe00000, 0x000000070fe00000, 0x0000000710000000|  0%| F|  |TAMS 0x000000070fe00000, 0x000000070fe00000| Untracked 
| 102|0x0000000710000000, 0x0000000710000000, 0x0000000710200000|  0%| F|  |TAMS 0x0000000710000000, 0x0000000710000000| Untracked 
| 103|0x0000000710200000, 0x0000000710200000, 0x0000000710400000|  0%| F|  |TAMS 0x0000000710200000, 0x0000000710200000| Untracked 
| 104|0x0000000710400000, 0x0000000710400000, 0x0000000710600000|  0%| F|  |TAMS 0x0000000710400000, 0x0000000710400000| Untracked 
| 105|0x0000000710600000, 0x0000000710600000, 0x0000000710800000|  0%| F|  |TAMS 0x0000000710600000, 0x0000000710600000| Untracked 
| 106|0x0000000710800000, 0x0000000710800000, 0x0000000710a00000|  0%| F|  |TAMS 0x0000000710800000, 0x0000000710800000| Untracked 
| 107|0x0000000710a00000, 0x0000000710a00000, 0x0000000710c00000|  0%| F|  |TAMS 0x0000000710a00000, 0x0000000710a00000| Untracked 
| 108|0x0000000710c00000, 0x0000000710c00000, 0x0000000710e00000|  0%| F|  |TAMS 0x0000000710c00000, 0x0000000710c00000| Untracked 
| 109|0x0000000710e00000, 0x0000000710e00000, 0x0000000711000000|  0%| F|  |TAMS 0x0000000710e00000, 0x0000000710e00000| Untracked 
| 110|0x0000000711000000, 0x0000000711000000, 0x0000000711200000|  0%| F|  |TAMS 0x0000000711000000, 0x0000000711000000| Untracked 
| 111|0x0000000711200000, 0x0000000711200000, 0x0000000711400000|  0%| F|  |TAMS 0x0000000711200000, 0x0000000711200000| Untracked 
| 112|0x0000000711400000, 0x0000000711400000, 0x0000000711600000|  0%| F|  |TAMS 0x0000000711400000, 0x0000000711400000| Untracked 
| 113|0x0000000711600000, 0x0000000711600000, 0x0000000711800000|  0%| F|  |TAMS 0x0000000711600000, 0x0000000711600000| Untracked 
| 114|0x0000000711800000, 0x0000000711800000, 0x0000000711a00000|  0%| F|  |TAMS 0x0000000711800000, 0x0000000711800000| Untracked 
| 115|0x0000000711a00000, 0x0000000711a00000, 0x0000000711c00000|  0%| F|  |TAMS 0x0000000711a00000, 0x0000000711a00000| Untracked 
| 116|0x0000000711c00000, 0x0000000711c00000, 0x0000000711e00000|  0%| F|  |TAMS 0x0000000711c00000, 0x0000000711c00000| Untracked 
| 117|0x0000000711e00000, 0x0000000711e00000, 0x0000000712000000|  0%| F|  |TAMS 0x0000000711e00000, 0x0000000711e00000| Untracked 
| 118|0x0000000712000000, 0x0000000712000000, 0x0000000712200000|  0%| F|  |TAMS 0x0000000712000000, 0x0000000712000000| Untracked 
| 119|0x0000000712200000, 0x0000000712200000, 0x0000000712400000|  0%| F|  |TAMS 0x0000000712200000, 0x0000000712200000| Untracked 
| 120|0x0000000712400000, 0x0000000712400000, 0x0000000712600000|  0%| F|  |TAMS 0x0000000712400000, 0x0000000712400000| Untracked 
| 121|0x0000000712600000, 0x0000000712600000, 0x0000000712800000|  0%| F|  |TAMS 0x0000000712600000, 0x0000000712600000| Untracked 
| 122|0x0000000712800000, 0x0000000712800000, 0x0000000712a00000|  0%| F|  |TAMS 0x0000000712800000, 0x0000000712800000| Untracked 
| 123|0x0000000712a00000, 0x0000000712c00000, 0x0000000712c00000|100%| O|  |TAMS 0x0000000712c00000, 0x0000000712a00000| Untracked 
| 124|0x0000000712c00000, 0x0000000712e00000, 0x0000000712e00000|100%| O|  |TAMS 0x0000000712e00000, 0x0000000712c00000| Untracked 
| 125|0x0000000712e00000, 0x0000000712e00000, 0x0000000713000000|  0%| F|  |TAMS 0x0000000712e00000, 0x0000000712e00000| Untracked 
| 126|0x0000000713000000, 0x0000000713000000, 0x0000000713200000|  0%| F|  |TAMS 0x0000000713000000, 0x0000000713000000| Untracked 
| 127|0x0000000713200000, 0x0000000713200000, 0x0000000713400000|  0%| F|  |TAMS 0x0000000713200000, 0x0000000713200000| Untracked 
| 128|0x0000000713400000, 0x0000000713400000, 0x0000000713600000|  0%| F|  |TAMS 0x0000000713400000, 0x0000000713400000| Untracked 
| 129|0x0000000713600000, 0x0000000713600000, 0x0000000713800000|  0%| F|  |TAMS 0x0000000713600000, 0x0000000713600000| Untracked 
| 130|0x0000000713800000, 0x0000000713800000, 0x0000000713a00000|  0%| F|  |TAMS 0x0000000713800000, 0x0000000713800000| Untracked 
| 131|0x0000000713a00000, 0x0000000713a00000, 0x0000000713c00000|  0%| F|  |TAMS 0x0000000713a00000, 0x0000000713a00000| Untracked 
| 132|0x0000000713c00000, 0x0000000713c00000, 0x0000000713e00000|  0%| F|  |TAMS 0x0000000713c00000, 0x0000000713c00000| Untracked 
| 133|0x0000000713e00000, 0x0000000713e00000, 0x0000000714000000|  0%| F|  |TAMS 0x0000000713e00000, 0x0000000713e00000| Untracked 
| 134|0x0000000714000000, 0x0000000714000000, 0x0000000714200000|  0%| F|  |TAMS 0x0000000714000000, 0x0000000714000000| Untracked 
| 135|0x0000000714200000, 0x0000000714200000, 0x0000000714400000|  0%| F|  |TAMS 0x0000000714200000, 0x0000000714200000| Untracked 
| 136|0x0000000714400000, 0x0000000714400000, 0x0000000714600000|  0%| F|  |TAMS 0x0000000714400000, 0x0000000714400000| Untracked 
| 137|0x0000000714600000, 0x0000000714600000, 0x0000000714800000|  0%| F|  |TAMS 0x0000000714600000, 0x0000000714600000| Untracked 
| 138|0x0000000714800000, 0x0000000714800000, 0x0000000714a00000|  0%| F|  |TAMS 0x0000000714800000, 0x0000000714800000| Untracked 
| 139|0x0000000714a00000, 0x0000000714a00000, 0x0000000714c00000|  0%| F|  |TAMS 0x0000000714a00000, 0x0000000714a00000| Untracked 
| 140|0x0000000714c00000, 0x0000000714e00000, 0x0000000714e00000|100%| O|  |TAMS 0x0000000714e00000, 0x0000000714c00000| Untracked 
| 141|0x0000000714e00000, 0x0000000714e00000, 0x0000000715000000|  0%| F|  |TAMS 0x0000000714e00000, 0x0000000714e00000| Untracked 
| 142|0x0000000715000000, 0x0000000715200000, 0x0000000715200000|100%| O|  |TAMS 0x00000007151de800, 0x0000000715000000| Untracked 
| 143|0x0000000715200000, 0x0000000715400000, 0x0000000715400000|100%|HS|  |TAMS 0x0000000715200000, 0x0000000715200000| Complete 
| 144|0x0000000715400000, 0x0000000715600000, 0x0000000715600000|100%| O|  |TAMS 0x0000000715400000, 0x0000000715400000| Untracked 
| 145|0x0000000715600000, 0x0000000715800000, 0x0000000715800000|100%| O|  |TAMS 0x0000000715600000, 0x0000000715600000| Untracked 
| 146|0x0000000715800000, 0x0000000715a00000, 0x0000000715a00000|100%| O|  |TAMS 0x0000000715800000, 0x0000000715800000| Untracked 
| 147|0x0000000715a00000, 0x0000000715c00000, 0x0000000715c00000|100%| O|  |TAMS 0x0000000715a00000, 0x0000000715a00000| Untracked 
| 148|0x0000000715c00000, 0x0000000715c00000, 0x0000000715e00000|  0%| F|  |TAMS 0x0000000715c00000, 0x0000000715c00000| Untracked 
| 149|0x0000000715e00000, 0x0000000715e00000, 0x0000000716000000|  0%| F|  |TAMS 0x0000000715e00000, 0x0000000715e00000| Untracked 
| 150|0x0000000716000000, 0x0000000716000000, 0x0000000716200000|  0%| F|  |TAMS 0x0000000716000000, 0x0000000716000000| Untracked 
| 151|0x0000000716200000, 0x0000000716200000, 0x0000000716400000|  0%| F|  |TAMS 0x0000000716200000, 0x0000000716200000| Untracked 
| 152|0x0000000716400000, 0x0000000716400000, 0x0000000716600000|  0%| F|  |TAMS 0x0000000716400000, 0x0000000716400000| Untracked 
| 153|0x0000000716600000, 0x0000000716600000, 0x0000000716800000|  0%| F|  |TAMS 0x0000000716600000, 0x0000000716600000| Untracked 
| 154|0x0000000716800000, 0x0000000716800000, 0x0000000716a00000|  0%| F|  |TAMS 0x0000000716800000, 0x0000000716800000| Untracked 
| 155|0x0000000716a00000, 0x0000000716a00000, 0x0000000716c00000|  0%| F|  |TAMS 0x0000000716a00000, 0x0000000716a00000| Untracked 
| 156|0x0000000716c00000, 0x0000000716c00000, 0x0000000716e00000|  0%| F|  |TAMS 0x0000000716c00000, 0x0000000716c00000| Untracked 
| 157|0x0000000716e00000, 0x0000000716e00000, 0x0000000717000000|  0%| F|  |TAMS 0x0000000716e00000, 0x0000000716e00000| Untracked 
| 158|0x0000000717000000, 0x0000000717000000, 0x0000000717200000|  0%| F|  |TAMS 0x0000000717000000, 0x0000000717000000| Untracked 
| 159|0x0000000717200000, 0x0000000717200000, 0x0000000717400000|  0%| F|  |TAMS 0x0000000717200000, 0x0000000717200000| Untracked 
| 160|0x0000000717400000, 0x0000000717400000, 0x0000000717600000|  0%| F|  |TAMS 0x0000000717400000, 0x0000000717400000| Untracked 
| 161|0x0000000717600000, 0x0000000717600000, 0x0000000717800000|  0%| F|  |TAMS 0x0000000717600000, 0x0000000717600000| Untracked 
| 162|0x0000000717800000, 0x0000000717800000, 0x0000000717a00000|  0%| F|  |TAMS 0x0000000717800000, 0x0000000717800000| Untracked 
| 163|0x0000000717a00000, 0x0000000717a00000, 0x0000000717c00000|  0%| F|  |TAMS 0x0000000717a00000, 0x0000000717a00000| Untracked 
| 164|0x0000000717c00000, 0x0000000717c00000, 0x0000000717e00000|  0%| F|  |TAMS 0x0000000717c00000, 0x0000000717c00000| Untracked 
| 165|0x0000000717e00000, 0x0000000717e00000, 0x0000000718000000|  0%| F|  |TAMS 0x0000000717e00000, 0x0000000717e00000| Untracked 
| 166|0x0000000718000000, 0x0000000718000000, 0x0000000718200000|  0%| F|  |TAMS 0x0000000718000000, 0x0000000718000000| Untracked 
| 167|0x0000000718200000, 0x0000000718200000, 0x0000000718400000|  0%| F|  |TAMS 0x0000000718200000, 0x0000000718200000| Untracked 
| 168|0x0000000718400000, 0x0000000718400000, 0x0000000718600000|  0%| F|  |TAMS 0x0000000718400000, 0x0000000718400000| Untracked 
| 169|0x0000000718600000, 0x0000000718600000, 0x0000000718800000|  0%| F|  |TAMS 0x0000000718600000, 0x0000000718600000| Untracked 
| 170|0x0000000718800000, 0x0000000718800000, 0x0000000718a00000|  0%| F|  |TAMS 0x0000000718800000, 0x0000000718800000| Untracked 
| 171|0x0000000718a00000, 0x0000000718a00000, 0x0000000718c00000|  0%| F|  |TAMS 0x0000000718a00000, 0x0000000718a00000| Untracked 
| 172|0x0000000718c00000, 0x0000000718c00000, 0x0000000718e00000|  0%| F|  |TAMS 0x0000000718c00000, 0x0000000718c00000| Untracked 
| 173|0x0000000718e00000, 0x0000000718e00000, 0x0000000719000000|  0%| F|  |TAMS 0x0000000718e00000, 0x0000000718e00000| Untracked 
| 174|0x0000000719000000, 0x0000000719000000, 0x0000000719200000|  0%| F|  |TAMS 0x0000000719000000, 0x0000000719000000| Untracked 
| 175|0x0000000719200000, 0x0000000719200000, 0x0000000719400000|  0%| F|  |TAMS 0x0000000719200000, 0x0000000719200000| Untracked 
| 176|0x0000000719400000, 0x0000000719400000, 0x0000000719600000|  0%| F|  |TAMS 0x0000000719400000, 0x0000000719400000| Untracked 
| 177|0x0000000719600000, 0x0000000719600000, 0x0000000719800000|  0%| F|  |TAMS 0x0000000719600000, 0x0000000719600000| Untracked 
| 178|0x0000000719800000, 0x0000000719800000, 0x0000000719a00000|  0%| F|  |TAMS 0x0000000719800000, 0x0000000719800000| Untracked 
| 179|0x0000000719a00000, 0x0000000719a00000, 0x0000000719c00000|  0%| F|  |TAMS 0x0000000719a00000, 0x0000000719a00000| Untracked 
| 180|0x0000000719c00000, 0x0000000719c00000, 0x0000000719e00000|  0%| F|  |TAMS 0x0000000719c00000, 0x0000000719c00000| Untracked 
| 181|0x0000000719e00000, 0x0000000719e00000, 0x000000071a000000|  0%| F|  |TAMS 0x0000000719e00000, 0x0000000719e00000| Untracked 
| 182|0x000000071a000000, 0x000000071a000000, 0x000000071a200000|  0%| F|  |TAMS 0x000000071a000000, 0x000000071a000000| Untracked 
| 183|0x000000071a200000, 0x000000071a200000, 0x000000071a400000|  0%| F|  |TAMS 0x000000071a200000, 0x000000071a200000| Untracked 
| 184|0x000000071a400000, 0x000000071a400000, 0x000000071a600000|  0%| F|  |TAMS 0x000000071a400000, 0x000000071a400000| Untracked 
| 185|0x000000071a600000, 0x000000071a600000, 0x000000071a800000|  0%| F|  |TAMS 0x000000071a600000, 0x000000071a600000| Untracked 
| 186|0x000000071a800000, 0x000000071a800000, 0x000000071aa00000|  0%| F|  |TAMS 0x000000071a800000, 0x000000071a800000| Untracked 
| 187|0x000000071aa00000, 0x000000071aa00000, 0x000000071ac00000|  0%| F|  |TAMS 0x000000071aa00000, 0x000000071aa00000| Untracked 
| 188|0x000000071ac00000, 0x000000071ac00000, 0x000000071ae00000|  0%| F|  |TAMS 0x000000071ac00000, 0x000000071ac00000| Untracked 
| 189|0x000000071ae00000, 0x000000071ae00000, 0x000000071b000000|  0%| F|  |TAMS 0x000000071ae00000, 0x000000071ae00000| Untracked 
| 190|0x000000071b000000, 0x000000071b000000, 0x000000071b200000|  0%| F|  |TAMS 0x000000071b000000, 0x000000071b000000| Untracked 
| 191|0x000000071b200000, 0x000000071b200000, 0x000000071b400000|  0%| F|  |TAMS 0x000000071b200000, 0x000000071b200000| Untracked 
| 192|0x000000071b400000, 0x000000071b400000, 0x000000071b600000|  0%| F|  |TAMS 0x000000071b400000, 0x000000071b400000| Untracked 
| 193|0x000000071b600000, 0x000000071b600000, 0x000000071b800000|  0%| F|  |TAMS 0x000000071b600000, 0x000000071b600000| Untracked 
| 194|0x000000071b800000, 0x000000071b800000, 0x000000071ba00000|  0%| F|  |TAMS 0x000000071b800000, 0x000000071b800000| Untracked 
| 195|0x000000071ba00000, 0x000000071ba00000, 0x000000071bc00000|  0%| F|  |TAMS 0x000000071ba00000, 0x000000071ba00000| Untracked 
| 196|0x000000071bc00000, 0x000000071bc00000, 0x000000071be00000|  0%| F|  |TAMS 0x000000071bc00000, 0x000000071bc00000| Untracked 
| 197|0x000000071be00000, 0x000000071be00000, 0x000000071c000000|  0%| F|  |TAMS 0x000000071be00000, 0x000000071be00000| Untracked 
| 198|0x000000071c000000, 0x000000071c000000, 0x000000071c200000|  0%| F|  |TAMS 0x000000071c000000, 0x000000071c000000| Untracked 
| 199|0x000000071c200000, 0x000000071c200000, 0x000000071c400000|  0%| F|  |TAMS 0x000000071c200000, 0x000000071c200000| Untracked 
| 200|0x000000071c400000, 0x000000071c400000, 0x000000071c600000|  0%| F|  |TAMS 0x000000071c400000, 0x000000071c400000| Untracked 
| 201|0x000000071c600000, 0x000000071c600000, 0x000000071c800000|  0%| F|  |TAMS 0x000000071c600000, 0x000000071c600000| Untracked 
| 202|0x000000071c800000, 0x000000071c800000, 0x000000071ca00000|  0%| F|  |TAMS 0x000000071c800000, 0x000000071c800000| Untracked 
| 203|0x000000071ca00000, 0x000000071ca00000, 0x000000071cc00000|  0%| F|  |TAMS 0x000000071ca00000, 0x000000071ca00000| Untracked 
| 204|0x000000071cc00000, 0x000000071cc00000, 0x000000071ce00000|  0%| F|  |TAMS 0x000000071cc00000, 0x000000071cc00000| Untracked 
| 205|0x000000071ce00000, 0x000000071ce00000, 0x000000071d000000|  0%| F|  |TAMS 0x000000071ce00000, 0x000000071ce00000| Untracked 
| 206|0x000000071d000000, 0x000000071d000000, 0x000000071d200000|  0%| F|  |TAMS 0x000000071d000000, 0x000000071d000000| Untracked 
| 207|0x000000071d200000, 0x000000071d200000, 0x000000071d400000|  0%| F|  |TAMS 0x000000071d200000, 0x000000071d200000| Untracked 
| 208|0x000000071d400000, 0x000000071d400000, 0x000000071d600000|  0%| F|  |TAMS 0x000000071d400000, 0x000000071d400000| Untracked 
| 209|0x000000071d600000, 0x000000071d600000, 0x000000071d800000|  0%| F|  |TAMS 0x000000071d600000, 0x000000071d600000| Untracked 
| 210|0x000000071d800000, 0x000000071d800000, 0x000000071da00000|  0%| F|  |TAMS 0x000000071d800000, 0x000000071d800000| Untracked 
| 211|0x000000071da00000, 0x000000071da00000, 0x000000071dc00000|  0%| F|  |TAMS 0x000000071da00000, 0x000000071da00000| Untracked 
| 212|0x000000071dc00000, 0x000000071dc00000, 0x000000071de00000|  0%| F|  |TAMS 0x000000071dc00000, 0x000000071dc00000| Untracked 
| 213|0x000000071de00000, 0x000000071de00000, 0x000000071e000000|  0%| F|  |TAMS 0x000000071de00000, 0x000000071de00000| Untracked 
| 214|0x000000071e000000, 0x000000071e000000, 0x000000071e200000|  0%| F|  |TAMS 0x000000071e000000, 0x000000071e000000| Untracked 
| 215|0x000000071e200000, 0x000000071e200000, 0x000000071e400000|  0%| F|  |TAMS 0x000000071e200000, 0x000000071e200000| Untracked 
| 216|0x000000071e400000, 0x000000071e400000, 0x000000071e600000|  0%| F|  |TAMS 0x000000071e400000, 0x000000071e400000| Untracked 
| 217|0x000000071e600000, 0x000000071e600000, 0x000000071e800000|  0%| F|  |TAMS 0x000000071e600000, 0x000000071e600000| Untracked 
| 218|0x000000071e800000, 0x000000071e800000, 0x000000071ea00000|  0%| F|  |TAMS 0x000000071e800000, 0x000000071e800000| Untracked 
| 219|0x000000071ea00000, 0x000000071ea00000, 0x000000071ec00000|  0%| F|  |TAMS 0x000000071ea00000, 0x000000071ea00000| Untracked 
| 220|0x000000071ec00000, 0x000000071ec00000, 0x000000071ee00000|  0%| F|  |TAMS 0x000000071ec00000, 0x000000071ec00000| Untracked 
| 221|0x000000071ee00000, 0x000000071ee00000, 0x000000071f000000|  0%| F|  |TAMS 0x000000071ee00000, 0x000000071ee00000| Untracked 
| 222|0x000000071f000000, 0x000000071f000000, 0x000000071f200000|  0%| F|  |TAMS 0x000000071f000000, 0x000000071f000000| Untracked 
| 223|0x000000071f200000, 0x000000071f200000, 0x000000071f400000|  0%| F|  |TAMS 0x000000071f200000, 0x000000071f200000| Untracked 
| 224|0x000000071f400000, 0x000000071f400000, 0x000000071f600000|  0%| F|  |TAMS 0x000000071f400000, 0x000000071f400000| Untracked 
| 225|0x000000071f600000, 0x000000071f600000, 0x000000071f800000|  0%| F|  |TAMS 0x000000071f600000, 0x000000071f600000| Untracked 
| 226|0x000000071f800000, 0x000000071f800000, 0x000000071fa00000|  0%| F|  |TAMS 0x000000071f800000, 0x000000071f800000| Untracked 
| 227|0x000000071fa00000, 0x000000071fa00000, 0x000000071fc00000|  0%| F|  |TAMS 0x000000071fa00000, 0x000000071fa00000| Untracked 
| 228|0x000000071fc00000, 0x000000071fc00000, 0x000000071fe00000|  0%| F|  |TAMS 0x000000071fc00000, 0x000000071fc00000| Untracked 
| 229|0x000000071fe00000, 0x000000071fe00000, 0x0000000720000000|  0%| F|  |TAMS 0x000000071fe00000, 0x000000071fe00000| Untracked 
| 230|0x0000000720000000, 0x0000000720000000, 0x0000000720200000|  0%| F|  |TAMS 0x0000000720000000, 0x0000000720000000| Untracked 
| 231|0x0000000720200000, 0x0000000720200000, 0x0000000720400000|  0%| F|  |TAMS 0x0000000720200000, 0x0000000720200000| Untracked 
| 232|0x0000000720400000, 0x0000000720400000, 0x0000000720600000|  0%| F|  |TAMS 0x0000000720400000, 0x0000000720400000| Untracked 
| 233|0x0000000720600000, 0x0000000720600000, 0x0000000720800000|  0%| F|  |TAMS 0x0000000720600000, 0x0000000720600000| Untracked 
| 234|0x0000000720800000, 0x0000000720800000, 0x0000000720a00000|  0%| F|  |TAMS 0x0000000720800000, 0x0000000720800000| Untracked 
| 235|0x0000000720a00000, 0x0000000720a00000, 0x0000000720c00000|  0%| F|  |TAMS 0x0000000720a00000, 0x0000000720a00000| Untracked 
| 236|0x0000000720c00000, 0x0000000720c00000, 0x0000000720e00000|  0%| F|  |TAMS 0x0000000720c00000, 0x0000000720c00000| Untracked 
| 237|0x0000000720e00000, 0x0000000720e00000, 0x0000000721000000|  0%| F|  |TAMS 0x0000000720e00000, 0x0000000720e00000| Untracked 
| 238|0x0000000721000000, 0x0000000721000000, 0x0000000721200000|  0%| F|  |TAMS 0x0000000721000000, 0x0000000721000000| Untracked 
| 239|0x0000000721200000, 0x0000000721200000, 0x0000000721400000|  0%| F|  |TAMS 0x0000000721200000, 0x0000000721200000| Untracked 
| 240|0x0000000721400000, 0x0000000721400000, 0x0000000721600000|  0%| F|  |TAMS 0x0000000721400000, 0x0000000721400000| Untracked 
| 241|0x0000000721600000, 0x0000000721600000, 0x0000000721800000|  0%| F|  |TAMS 0x0000000721600000, 0x0000000721600000| Untracked 
| 242|0x0000000721800000, 0x0000000721800000, 0x0000000721a00000|  0%| F|  |TAMS 0x0000000721800000, 0x0000000721800000| Untracked 
| 243|0x0000000721a00000, 0x0000000721a00000, 0x0000000721c00000|  0%| F|  |TAMS 0x0000000721a00000, 0x0000000721a00000| Untracked 
| 244|0x0000000721c00000, 0x0000000721c00000, 0x0000000721e00000|  0%| F|  |TAMS 0x0000000721c00000, 0x0000000721c00000| Untracked 
| 245|0x0000000721e00000, 0x0000000721e00000, 0x0000000722000000|  0%| F|  |TAMS 0x0000000721e00000, 0x0000000721e00000| Untracked 
| 246|0x0000000722000000, 0x0000000722000000, 0x0000000722200000|  0%| F|  |TAMS 0x0000000722000000, 0x0000000722000000| Untracked 
| 247|0x0000000722200000, 0x0000000722200000, 0x0000000722400000|  0%| F|  |TAMS 0x0000000722200000, 0x0000000722200000| Untracked 
| 248|0x0000000722400000, 0x0000000722400000, 0x0000000722600000|  0%| F|  |TAMS 0x0000000722400000, 0x0000000722400000| Untracked 
| 249|0x0000000722600000, 0x0000000722600000, 0x0000000722800000|  0%| F|  |TAMS 0x0000000722600000, 0x0000000722600000| Untracked 
| 250|0x0000000722800000, 0x0000000722800000, 0x0000000722a00000|  0%| F|  |TAMS 0x0000000722800000, 0x0000000722800000| Untracked 
| 251|0x0000000722a00000, 0x0000000722a00000, 0x0000000722c00000|  0%| F|  |TAMS 0x0000000722a00000, 0x0000000722a00000| Untracked 
| 252|0x0000000722c00000, 0x0000000722c00000, 0x0000000722e00000|  0%| F|  |TAMS 0x0000000722c00000, 0x0000000722c00000| Untracked 
| 253|0x0000000722e00000, 0x0000000722e00000, 0x0000000723000000|  0%| F|  |TAMS 0x0000000722e00000, 0x0000000722e00000| Untracked 
| 254|0x0000000723000000, 0x0000000723000000, 0x0000000723200000|  0%| F|  |TAMS 0x0000000723000000, 0x0000000723000000| Untracked 
| 255|0x0000000723200000, 0x0000000723200000, 0x0000000723400000|  0%| F|  |TAMS 0x0000000723200000, 0x0000000723200000| Untracked 
| 256|0x0000000723400000, 0x0000000723400000, 0x0000000723600000|  0%| F|  |TAMS 0x0000000723400000, 0x0000000723400000| Untracked 
| 257|0x0000000723600000, 0x0000000723600000, 0x0000000723800000|  0%| F|  |TAMS 0x0000000723600000, 0x0000000723600000| Untracked 
| 258|0x0000000723800000, 0x0000000723800000, 0x0000000723a00000|  0%| F|  |TAMS 0x0000000723800000, 0x0000000723800000| Untracked 
| 259|0x0000000723a00000, 0x0000000723a00000, 0x0000000723c00000|  0%| F|  |TAMS 0x0000000723a00000, 0x0000000723a00000| Untracked 
| 260|0x0000000723c00000, 0x0000000723c00000, 0x0000000723e00000|  0%| F|  |TAMS 0x0000000723c00000, 0x0000000723c00000| Untracked 
| 261|0x0000000723e00000, 0x0000000723e00000, 0x0000000724000000|  0%| F|  |TAMS 0x0000000723e00000, 0x0000000723e00000| Untracked 
| 262|0x0000000724000000, 0x0000000724000000, 0x0000000724200000|  0%| F|  |TAMS 0x0000000724000000, 0x0000000724000000| Untracked 
| 263|0x0000000724200000, 0x0000000724200000, 0x0000000724400000|  0%| F|  |TAMS 0x0000000724200000, 0x0000000724200000| Untracked 
| 264|0x0000000724400000, 0x0000000724400000, 0x0000000724600000|  0%| F|  |TAMS 0x0000000724400000, 0x0000000724400000| Untracked 
| 265|0x0000000724600000, 0x0000000724600000, 0x0000000724800000|  0%| F|  |TAMS 0x0000000724600000, 0x0000000724600000| Untracked 
| 266|0x0000000724800000, 0x0000000724800000, 0x0000000724a00000|  0%| F|  |TAMS 0x0000000724800000, 0x0000000724800000| Untracked 
| 267|0x0000000724a00000, 0x0000000724a00000, 0x0000000724c00000|  0%| F|  |TAMS 0x0000000724a00000, 0x0000000724a00000| Untracked 
| 268|0x0000000724c00000, 0x0000000724c00000, 0x0000000724e00000|  0%| F|  |TAMS 0x0000000724c00000, 0x0000000724c00000| Untracked 
| 269|0x0000000724e00000, 0x0000000724e00000, 0x0000000725000000|  0%| F|  |TAMS 0x0000000724e00000, 0x0000000724e00000| Untracked 
| 270|0x0000000725000000, 0x0000000725000000, 0x0000000725200000|  0%| F|  |TAMS 0x0000000725000000, 0x0000000725000000| Untracked 
| 271|0x0000000725200000, 0x0000000725200000, 0x0000000725400000|  0%| F|  |TAMS 0x0000000725200000, 0x0000000725200000| Untracked 
| 272|0x0000000725400000, 0x0000000725400000, 0x0000000725600000|  0%| F|  |TAMS 0x0000000725400000, 0x0000000725400000| Untracked 
| 273|0x0000000725600000, 0x0000000725600000, 0x0000000725800000|  0%| F|  |TAMS 0x0000000725600000, 0x0000000725600000| Untracked 
| 274|0x0000000725800000, 0x0000000725800000, 0x0000000725a00000|  0%| F|  |TAMS 0x0000000725800000, 0x0000000725800000| Untracked 
| 275|0x0000000725a00000, 0x0000000725a00000, 0x0000000725c00000|  0%| F|  |TAMS 0x0000000725a00000, 0x0000000725a00000| Untracked 
| 276|0x0000000725c00000, 0x0000000725c00000, 0x0000000725e00000|  0%| F|  |TAMS 0x0000000725c00000, 0x0000000725c00000| Untracked 
| 277|0x0000000725e00000, 0x0000000725e00000, 0x0000000726000000|  0%| F|  |TAMS 0x0000000725e00000, 0x0000000725e00000| Untracked 
| 278|0x0000000726000000, 0x0000000726000000, 0x0000000726200000|  0%| F|  |TAMS 0x0000000726000000, 0x0000000726000000| Untracked 
| 279|0x0000000726200000, 0x0000000726200000, 0x0000000726400000|  0%| F|  |TAMS 0x0000000726200000, 0x0000000726200000| Untracked 
| 280|0x0000000726400000, 0x000000072651ed38, 0x0000000726600000| 56%| S|CS|TAMS 0x0000000726400000, 0x0000000726400000| Complete 
| 281|0x0000000726600000, 0x0000000726600000, 0x0000000726800000|  0%| F|  |TAMS 0x0000000726600000, 0x0000000726600000| Untracked 
| 282|0x0000000726800000, 0x0000000726800000, 0x0000000726a00000|  0%| F|  |TAMS 0x0000000726800000, 0x0000000726800000| Untracked 
| 283|0x0000000726a00000, 0x0000000726a00000, 0x0000000726c00000|  0%| F|  |TAMS 0x0000000726a00000, 0x0000000726a00000| Untracked 
| 284|0x0000000726c00000, 0x0000000726c00000, 0x0000000726e00000|  0%| F|  |TAMS 0x0000000726c00000, 0x0000000726c00000| Untracked 
| 285|0x0000000726e00000, 0x0000000726e00000, 0x0000000727000000|  0%| F|  |TAMS 0x0000000726e00000, 0x0000000726e00000| Untracked 
| 286|0x0000000727000000, 0x0000000727000000, 0x0000000727200000|  0%| F|  |TAMS 0x0000000727000000, 0x0000000727000000| Untracked 
| 287|0x0000000727200000, 0x0000000727200000, 0x0000000727400000|  0%| F|  |TAMS 0x0000000727200000, 0x0000000727200000| Untracked 
| 288|0x0000000727400000, 0x0000000727400000, 0x0000000727600000|  0%| F|  |TAMS 0x0000000727400000, 0x0000000727400000| Untracked 
| 289|0x0000000727600000, 0x0000000727600000, 0x0000000727800000|  0%| F|  |TAMS 0x0000000727600000, 0x0000000727600000| Untracked 
| 290|0x0000000727800000, 0x0000000727800000, 0x0000000727a00000|  0%| F|  |TAMS 0x0000000727800000, 0x0000000727800000| Untracked 
| 291|0x0000000727a00000, 0x0000000727a00000, 0x0000000727c00000|  0%| F|  |TAMS 0x0000000727a00000, 0x0000000727a00000| Untracked 
| 292|0x0000000727c00000, 0x0000000727c00000, 0x0000000727e00000|  0%| F|  |TAMS 0x0000000727c00000, 0x0000000727c00000| Untracked 

Card table byte_map: [0x000001ad73af0000,0x000001ad742e0000] _byte_map_base: 0x000001ad702d6000

Marking Bits (Prev, Next): (CMBitMap*) 0x000001ad698d42d0, (CMBitMap*) 0x000001ad698d4310
 Prev Bits: [0x000001ad74ad0000, 0x000001ad78a00000)
 Next Bits: [0x000001ad78a00000, 0x000001ad7c930000)

Polling page: 0x000001ad695b0000

Metaspace:

Usage:
  Non-class:     49.15 MB used.
      Class:      6.37 MB used.
       Both:     55.52 MB used.

Virtual space:
  Non-class space:       88.00 MB reserved,      52.12 MB ( 59%) committed,  11 nodes.
      Class space:        1.00 GB reserved,       7.50 MB ( <1%) committed,  1 nodes.
             Both:        1.09 GB reserved,      59.62 MB (  5%) committed. 

Chunk freelists:
   Non-Class:  34.05 MB
       Class:  5.27 MB
        Both:  39.32 MB

MaxMetaspaceSize: unlimited
CompressedClassSpaceSize: 1.00 GB
Initial GC threshold: 21.00 MB
Current GC threshold: 113.44 MB
CDS: on
MetaspaceReclaimPolicy: balanced
 - commit_granule_bytes: 65536.
 - commit_granule_words: 8192.
 - virtual_space_node_default_size: 1048576.
 - enlarge_chunks_in_place: 1.
 - new_chunks_are_fully_committed: 0.
 - uncommit_free_chunks: 1.
 - use_allocation_guard: 0.
 - handle_deallocations: 1.


Internal statistics:

num_allocs_failed_limit: 12.
num_arena_births: 710.
num_arena_deaths: 204.
num_vsnodes_births: 12.
num_vsnodes_deaths: 0.
num_space_committed: 1681.
num_space_uncommitted: 729.
num_chunks_returned_to_freelist: 2650.
num_chunks_taken_from_freelist: 5326.
num_chunk_merges: 879.
num_chunk_splits: 3807.
num_chunks_enlarged: 3167.
num_purges: 6.
num_inconsistent_stats: 0.

CodeHeap 'non-profiled nmethods': size=120000Kb used=11983Kb max_used=14334Kb free=108016Kb
 bounds [0x000001ad07ad0000, 0x000001ad088d0000, 0x000001ad0f000000]
CodeHeap 'profiled nmethods': size=120000Kb used=24858Kb max_used=33923Kb free=95141Kb
 bounds [0x000001ad005a0000, 0x000001ad026d0000, 0x000001ad07ad0000]
CodeHeap 'non-nmethods': size=5760Kb used=1255Kb max_used=1424Kb free=4504Kb
 bounds [0x000001ad00000000, 0x000001ad00270000, 0x000001ad005a0000]
 total_blobs=11929 nmethods=11363 adapters=478
 compilation: enabled
              stopped_count=0, restarted_count=0
 full_count=0

Compilation events (20 events):
Event: 232.027 Thread 0x000001ad7f687910 nmethod 20323 0x000001ad024a6990 code [0x000001ad024a6e40, 0x000001ad024a9bf8]
Event: 232.047 Thread 0x000001ad7f687910 20324       3       com.sun.tools.javac.processing.JavacProcessingEnvironment$Round$$Lambda$349/0x0000000800f12a20::test (8 bytes)
Event: 232.048 Thread 0x000001ad7f687910 nmethod 20324 0x000001ad00904990 code [0x000001ad00904b40, 0x000001ad00904db8]
Event: 232.049 Thread 0x000001ad7f6866d0 20325       4       com.sun.tools.javac.comp.Modules$$Lambda$232/0x0000000800ea5960::test (8 bytes)
Event: 232.051 Thread 0x000001ad7f6866d0 nmethod 20325 0x000001ad07e94490 code [0x000001ad07e94600, 0x000001ad07e946f8]
Event: 232.069 Thread 0x000001ad7f6866d0 20326       4       com.sun.tools.javac.code.Scope$ErrorScope::getSymbolsByName (8 bytes)
Event: 232.072 Thread 0x000001ad7f6866d0 nmethod 20326 0x000001ad07d44710 code [0x000001ad07d448a0, 0x000001ad07d449b8]
Event: 232.159 Thread 0x000001ad7f687910 20327 %     3       lombok.launch.PackageShader::apply @ 154 (252 bytes)
Event: 232.163 Thread 0x000001ad7f687910 nmethod 20327% 0x000001ad005eaa90 code [0x000001ad005ead00, 0x000001ad005ebd88]
Event: 232.164 Thread 0x000001ad7f687910 20328 %     3       lombok.launch.PackageShader::apply @ 76 (252 bytes)
Event: 232.167 Thread 0x000001ad7f687910 nmethod 20328% 0x000001ad0112b410 code [0x000001ad0112b660, 0x000001ad0112c4e8]
Event: 232.167 Thread 0x000001ad7f687910 20329       3       lombok.launch.PackageShader::apply (252 bytes)
Event: 232.169 Thread 0x000001ad7f687910 nmethod 20329 0x000001ad011da210 code [0x000001ad011da440, 0x000001ad011daf88]
Event: 232.196 Thread 0x000001ad7f687910 20330       3       lombok.bytecode.ClassFileMetaData::decodeString (181 bytes)
Event: 232.197 Thread 0x000001ad7f687910 nmethod 20330 0x000001ad006c5610 code [0x000001ad006c57e0, 0x000001ad006c5d08]
Event: 232.209 Thread 0x000001ad7f6866d0 20331       4       java.io.FilterOutputStream::flush (8 bytes)
Event: 232.215 Thread 0x000001ad7f6866d0 nmethod 20331 0x000001ad07cfad90 code [0x000001ad07cfaf40, 0x000001ad07cfb0e8]
Event: 232.307 Thread 0x000001ad7f687910 20332       3       org.apache.maven.shared.utils.logging.Style::apply (84 bytes)
Event: 232.315 Thread 0x000001ad7f687910 nmethod 20332 0x000001ad0065a090 code [0x000001ad0065a420, 0x000001ad0065c3f8]
Event: 233.805 Thread 0x000001ad7f687910 20333   !   3       org.apache.maven.project.DefaultProjectDependenciesResolver::resolve (1087 bytes)

GC Heap History (20 events):
Event: 216.252 GC heap after
{Heap after GC invocations=79 (full 0):
 garbage-first heap   total 477184K, used 275350K [0x0000000703400000, 0x0000000800000000)
  region size 2048K, 6 young (12288K), 6 survivors (12288K)
 Metaspace       used 91592K, committed 92608K, reserved 1138688K
  class space    used 10395K, committed 10880K, reserved 1048576K
}
Event: 217.542 GC heap before
{Heap before GC invocations=79 (full 0):
 garbage-first heap   total 477184K, used 402326K [0x0000000703400000, 0x0000000800000000)
  region size 2048K, 68 young (139264K), 6 survivors (12288K)
 Metaspace       used 91768K, committed 92800K, reserved 1138688K
  class space    used 10409K, committed 10944K, reserved 1048576K
}
Event: 217.556 GC heap after
{Heap after GC invocations=80 (full 0):
 garbage-first heap   total 477184K, used 279239K [0x0000000703400000, 0x0000000800000000)
  region size 2048K, 6 young (12288K), 6 survivors (12288K)
 Metaspace       used 91768K, committed 92800K, reserved 1138688K
  class space    used 10409K, committed 10944K, reserved 1048576K
}
Event: 219.645 GC heap before
{Heap before GC invocations=80 (full 0):
 garbage-first heap   total 477184K, used 395975K [0x0000000703400000, 0x0000000800000000)
  region size 2048K, 64 young (131072K), 6 survivors (12288K)
 Metaspace       used 93376K, committed 94464K, reserved 1138688K
  class space    used 10601K, committed 11136K, reserved 1048576K
}
Event: 219.658 GC heap after
{Heap after GC invocations=81 (full 0):
 garbage-first heap   total 477184K, used 280396K [0x0000000703400000, 0x0000000800000000)
  region size 2048K, 2 young (4096K), 2 survivors (4096K)
 Metaspace       used 93376K, committed 94464K, reserved 1138688K
  class space    used 10601K, committed 11136K, reserved 1048576K
}
Event: 224.382 GC heap before
{Heap before GC invocations=81 (full 0):
 garbage-first heap   total 477184K, used 401228K [0x0000000703400000, 0x0000000800000000)
  region size 2048K, 61 young (124928K), 2 survivors (4096K)
 Metaspace       used 95008K, committed 96064K, reserved 1138688K
  class space    used 10785K, committed 11328K, reserved 1048576K
}
Event: 224.391 GC heap after
{Heap after GC invocations=82 (full 0):
 garbage-first heap   total 477184K, used 292597K [0x0000000703400000, 0x0000000800000000)
  region size 2048K, 7 young (14336K), 7 survivors (14336K)
 Metaspace       used 95008K, committed 96064K, reserved 1138688K
  class space    used 10785K, committed 11328K, reserved 1048576K
}
Event: 224.429 GC heap before
{Heap before GC invocations=82 (full 0):
 garbage-first heap   total 477184K, used 394997K [0x0000000703400000, 0x0000000800000000)
  region size 2048K, 58 young (118784K), 7 survivors (14336K)
 Metaspace       used 95008K, committed 96064K, reserved 1138688K
  class space    used 10785K, committed 11328K, reserved 1048576K
}
Event: 224.436 GC heap after
{Heap after GC invocations=83 (full 0):
 garbage-first heap   total 477184K, used 292851K [0x0000000703400000, 0x0000000800000000)
  region size 2048K, 1 young (2048K), 1 survivors (2048K)
 Metaspace       used 95008K, committed 96064K, reserved 1138688K
  class space    used 10785K, committed 11328K, reserved 1048576K
}
Event: 228.544 GC heap before
{Heap before GC invocations=83 (full 0):
 garbage-first heap   total 477184K, used 319475K [0x0000000703400000, 0x0000000800000000)
  region size 2048K, 16 young (32768K), 1 survivors (2048K)
 Metaspace       used 95177K, committed 96256K, reserved 1138688K
  class space    used 10799K, committed 11328K, reserved 1048576K
}
Event: 228.548 GC heap after
{Heap after GC invocations=84 (full 0):
 garbage-first heap   total 477184K, used 293856K [0x0000000703400000, 0x0000000800000000)
  region size 2048K, 1 young (2048K), 1 survivors (2048K)
 Metaspace       used 95177K, committed 96256K, reserved 1138688K
  class space    used 10799K, committed 11328K, reserved 1048576K
}
Event: 231.867 GC heap before
{Heap before GC invocations=85 (full 0):
 garbage-first heap   total 505856K, used 398304K [0x0000000703400000, 0x0000000800000000)
  region size 2048K, 55 young (112640K), 1 survivors (2048K)
 Metaspace       used 56695K, committed 61056K, reserved 1138688K
  class space    used 6506K, committed 7680K, reserved 1048576K
}
Event: 231.878 GC heap after
{Heap after GC invocations=86 (full 0):
 garbage-first heap   total 505856K, used 299967K [0x0000000703400000, 0x0000000800000000)
  region size 2048K, 6 young (12288K), 6 survivors (12288K)
 Metaspace       used 56695K, committed 61056K, reserved 1138688K
  class space    used 6506K, committed 7680K, reserved 1048576K
}
Event: 231.881 GC heap before
{Heap before GC invocations=86 (full 0):
 garbage-first heap   total 505856K, used 310207K [0x0000000703400000, 0x0000000800000000)
  region size 2048K, 12 young (24576K), 6 survivors (12288K)
 Metaspace       used 56695K, committed 61056K, reserved 1138688K
  class space    used 6506K, committed 7680K, reserved 1048576K
}
Event: 231.890 GC heap after
{Heap after GC invocations=87 (full 0):
 garbage-first heap   total 505856K, used 240570K [0x0000000703400000, 0x0000000800000000)
  region size 2048K, 1 young (2048K), 1 survivors (2048K)
 Metaspace       used 56695K, committed 61056K, reserved 1138688K
  class space    used 6506K, committed 7680K, reserved 1048576K
}
Event: 231.899 GC heap before
{Heap before GC invocations=87 (full 0):
 garbage-first heap   total 505856K, used 261050K [0x0000000703400000, 0x0000000800000000)
  region size 2048K, 12 young (24576K), 1 survivors (2048K)
 Metaspace       used 56695K, committed 61056K, reserved 1138688K
  class space    used 6506K, committed 7680K, reserved 1048576K
}
Event: 231.905 GC heap after
{Heap after GC invocations=88 (full 0):
 garbage-first heap   total 505856K, used 184761K [0x0000000703400000, 0x0000000800000000)
  region size 2048K, 1 young (2048K), 1 survivors (2048K)
 Metaspace       used 56695K, committed 61056K, reserved 1138688K
  class space    used 6506K, committed 7680K, reserved 1048576K
}
Event: 231.916 GC heap before
{Heap before GC invocations=88 (full 0):
 garbage-first heap   total 505856K, used 205241K [0x0000000703400000, 0x0000000800000000)
  region size 2048K, 12 young (24576K), 1 survivors (2048K)
 Metaspace       used 56695K, committed 61056K, reserved 1138688K
  class space    used 6506K, committed 7680K, reserved 1048576K
}
Event: 231.926 GC heap after
{Heap after GC invocations=89 (full 0):
 garbage-first heap   total 505856K, used 136098K [0x0000000703400000, 0x0000000800000000)
  region size 2048K, 1 young (2048K), 1 survivors (2048K)
 Metaspace       used 56695K, committed 61056K, reserved 1138688K
  class space    used 6506K, committed 7680K, reserved 1048576K
}
Event: 233.809 GC heap before
{Heap before GC invocations=89 (full 0):
 garbage-first heap   total 505856K, used 156578K [0x0000000703400000, 0x0000000800000000)
  region size 2048K, 12 young (24576K), 1 survivors (2048K)
 Metaspace       used 56851K, committed 61056K, reserved 1138688K
  class space    used 6520K, committed 7680K, reserved 1048576K
}

Deoptimization events (20 events):
Event: 224.607 Thread 0x000001ad69886210 DEOPT PACKING pc=0x000001ad088b5df0 sp=0x0000004b84afc3a0
Event: 224.607 Thread 0x000001ad69886210 DEOPT UNPACKING pc=0x000001ad000523a3 sp=0x0000004b84afc320 mode 2
Event: 230.458 Thread 0x000001ad69886210 DEOPT PACKING pc=0x000001ad009d2ded sp=0x0000004b84af8cf0
Event: 230.458 Thread 0x000001ad69886210 DEOPT UNPACKING pc=0x000001ad00052b43 sp=0x0000004b84af81a0 mode 0
Event: 230.470 Thread 0x000001ad69886210 DEOPT PACKING pc=0x000001ad009d2ded sp=0x0000004b84af8890
Event: 230.470 Thread 0x000001ad69886210 DEOPT UNPACKING pc=0x000001ad00052b43 sp=0x0000004b84af7d40 mode 0
Event: 230.483 Thread 0x000001ad69886210 DEOPT PACKING pc=0x000001ad009d2ded sp=0x0000004b84afc140
Event: 230.483 Thread 0x000001ad69886210 DEOPT UNPACKING pc=0x000001ad00052b43 sp=0x0000004b84afb5f0 mode 0
Event: 230.516 Thread 0x000001ad69886210 DEOPT PACKING pc=0x000001ad009d2ded sp=0x0000004b84af8950
Event: 230.516 Thread 0x000001ad69886210 DEOPT UNPACKING pc=0x000001ad00052b43 sp=0x0000004b84af7e00 mode 0
Event: 230.565 Thread 0x000001ad69886210 DEOPT PACKING pc=0x000001ad009d2ded sp=0x0000004b84af8950
Event: 230.565 Thread 0x000001ad69886210 DEOPT UNPACKING pc=0x000001ad00052b43 sp=0x0000004b84af7e00 mode 0
Event: 232.155 Thread 0x000001ad69886210 Uncommon trap: trap_request=0xffffff45 fr.pc=0x000001ad08264f0c relative=0x000000000000106c
Event: 232.155 Thread 0x000001ad69886210 Uncommon trap: reason=unstable_if action=reinterpret pc=0x000001ad08264f0c method=lombok.launch.PackageShader.apply([B)Z @ 190 c2
Event: 232.155 Thread 0x000001ad69886210 DEOPT PACKING pc=0x000001ad08264f0c sp=0x0000004b84afc360
Event: 232.155 Thread 0x000001ad69886210 DEOPT UNPACKING pc=0x000001ad000523a3 sp=0x0000004b84afc320 mode 2
Event: 232.159 Thread 0x000001ad69886210 Uncommon trap: trap_request=0xffffff45 fr.pc=0x000001ad07f359f0 relative=0x00000000000008b0
Event: 232.159 Thread 0x000001ad69886210 Uncommon trap: reason=unstable_if action=reinterpret pc=0x000001ad07f359f0 method=lombok.launch.PackageShader.apply([B)Z @ 190 c2
Event: 232.159 Thread 0x000001ad69886210 DEOPT PACKING pc=0x000001ad07f359f0 sp=0x0000004b84af8cc0
Event: 232.160 Thread 0x000001ad69886210 DEOPT UNPACKING pc=0x000001ad000523a3 sp=0x0000004b84af8c40 mode 2

Classes unloaded (20 events):
Event: 228.857 Thread 0x000001ad7f54e480 Unloading class 0x000000080102da50 'org/mapstruct/ap/MappingProcessor$$Lambda$538+0x000000080102da50'
Event: 228.857 Thread 0x000001ad7f54e480 Unloading class 0x000000080102d800 'org/mapstruct/ap/MappingProcessor$$Lambda$537+0x000000080102d800'
Event: 228.857 Thread 0x000001ad7f54e480 Unloading class 0x000000080102d608 'org/mapstruct/ap/spi/BuilderProvider'
Event: 228.857 Thread 0x000001ad7f54e480 Unloading class 0x000000080102d410 'org/mapstruct/ap/spi/AccessorNamingStrategy'
Event: 228.857 Thread 0x000001ad7f54e480 Unloading class 0x000000080102d198 'org/mapstruct/ap/internal/util/AnnotationProcessorContext'
Event: 228.857 Thread 0x000001ad7f54e480 Unloading class 0x000000080102cfa0 'org/mapstruct/ap/spi/MapStructProcessingEnvironment'
Event: 228.857 Thread 0x000001ad7f54e480 Unloading class 0x000000080102cd40 'org/mapstruct/ap/internal/option/Options'
Event: 228.857 Thread 0x000001ad7f54e480 Unloading class 0x000000080102cb40 'org/mapstruct/ap/internal/util/Services'
Event: 228.857 Thread 0x000001ad7f54e480 Unloading class 0x000000080102c948 'org/mapstruct/ap/spi/AdditionalSupportedOptionsProvider'
Event: 228.857 Thread 0x000001ad7f54e480 Unloading class 0x000000080102c6d8 'org/mapstruct/ap/internal/util/AnnotationProcessingException'
Event: 228.857 Thread 0x000001ad7f54e480 Unloading class 0x000000080102c4e0 'org/mapstruct/ap/internal/processor/ModelElementProcessor$ProcessorContext'
Event: 228.857 Thread 0x000001ad7f54e480 Unloading class 0x000000080102c280 'org/mapstruct/ap/spi/TypeHierarchyErroneousException'
Event: 228.857 Thread 0x000001ad7f54e480 Unloading class 0x000000080102c000 'org/mapstruct/ap/MappingProcessor'
Event: 228.857 Thread 0x000001ad7f54e480 Unloading class 0x000000080119cba0 'lombok/launch/AnnotationProcessorHider$ClaimingProcessor'
Event: 228.857 Thread 0x000001ad7f54e480 Unloading class 0x000000080119c9a0 'lombok/launch/AnnotationProcessorHider$AstModificationNotifierData'
Event: 228.857 Thread 0x000001ad7f54e480 Unloading class 0x000000080119c720 'lombok/launch/ClassFileMetaData'
Event: 228.857 Thread 0x000001ad7f54e480 Unloading class 0x000000080119c508 'lombok/launch/PackageShader'
Event: 228.857 Thread 0x000001ad7f54e480 Unloading class 0x000000080119c200 'lombok/launch/ShadowClassLoader'
Event: 228.857 Thread 0x000001ad7f54e480 Unloading class 0x000000080119c000 'lombok/launch/Main'
Event: 228.857 Thread 0x000001ad7f54e480 Unloading class 0x0000000800f98400 'lombok/launch/AnnotationProcessorHider$AnnotationProcessor'

Classes redefined (0 events):
No events

Internal exceptions (20 events):
Event: 232.108 Thread 0x000001ad69886210 Exception <a 'sun/nio/fs/WindowsException'{0x0000000726a80678}> (0x0000000726a80678) 
thrown [t:\workspace\open\src\hotspot\share\prims\jni.cpp, line 516]
Event: 232.108 Thread 0x000001ad69886210 Exception <a 'sun/nio/fs/WindowsException'{0x0000000726a808a0}> (0x0000000726a808a0) 
thrown [t:\workspace\open\src\hotspot\share\prims\jni.cpp, line 516]
Event: 232.109 Thread 0x000001ad69886210 Exception <a 'sun/nio/fs/WindowsException'{0x0000000726a815d8}> (0x0000000726a815d8) 
thrown [t:\workspace\open\src\hotspot\share\prims\jni.cpp, line 516]
Event: 232.109 Thread 0x000001ad69886210 Exception <a 'sun/nio/fs/WindowsException'{0x0000000726a817f0}> (0x0000000726a817f0) 
thrown [t:\workspace\open\src\hotspot\share\prims\jni.cpp, line 516]
Event: 232.109 Thread 0x000001ad69886210 Exception <a 'sun/nio/fs/WindowsException'{0x0000000726a82510}> (0x0000000726a82510) 
thrown [t:\workspace\open\src\hotspot\share\prims\jni.cpp, line 516]
Event: 232.109 Thread 0x000001ad69886210 Exception <a 'sun/nio/fs/WindowsException'{0x0000000726a82710}> (0x0000000726a82710) 
thrown [t:\workspace\open\src\hotspot\share\prims\jni.cpp, line 516]
Event: 232.109 Thread 0x000001ad69886210 Exception <a 'sun/nio/fs/WindowsException'{0x0000000726a83430}> (0x0000000726a83430) 
thrown [t:\workspace\open\src\hotspot\share\prims\jni.cpp, line 516]
Event: 232.187 Thread 0x000001ad69886210 Exception <a 'sun/nio/fs/WindowsException'{0x0000000726b93120}> (0x0000000726b93120) 
thrown [t:\workspace\open\src\hotspot\share\prims\jni.cpp, line 516]
Event: 232.187 Thread 0x000001ad69886210 Exception <a 'sun/nio/fs/WindowsException'{0x0000000726b93848}> (0x0000000726b93848) 
thrown [t:\workspace\open\src\hotspot\share\prims\jni.cpp, line 516]
Event: 232.188 Thread 0x000001ad69886210 Exception <a 'sun/nio/fs/WindowsException'{0x0000000726b94b28}> (0x0000000726b94b28) 
thrown [t:\workspace\open\src\hotspot\share\prims\jni.cpp, line 516]
Event: 232.189 Thread 0x000001ad69886210 Exception <a 'sun/nio/fs/WindowsException'{0x0000000726b95320}> (0x0000000726b95320) 
thrown [t:\workspace\open\src\hotspot\share\prims\jni.cpp, line 516]
Event: 232.193 Thread 0x000001ad69886210 Exception <a 'sun/nio/fs/WindowsException'{0x0000000726ba3328}> (0x0000000726ba3328) 
thrown [t:\workspace\open\src\hotspot\share\prims\jni.cpp, line 516]
Event: 232.194 Thread 0x000001ad69886210 Exception <a 'sun/nio/fs/WindowsException'{0x0000000726ba3a50}> (0x0000000726ba3a50) 
thrown [t:\workspace\open\src\hotspot\share\prims\jni.cpp, line 516]
Event: 232.194 Thread 0x000001ad69886210 Exception <a 'sun/nio/fs/WindowsException'{0x0000000726ba4d28}> (0x0000000726ba4d28) 
thrown [t:\workspace\open\src\hotspot\share\prims\jni.cpp, line 516]
Event: 232.199 Thread 0x000001ad69886210 Exception <a 'sun/nio/fs/WindowsException'{0x0000000726baec78}> (0x0000000726baec78) 
thrown [t:\workspace\open\src\hotspot\share\prims\jni.cpp, line 516]
Event: 232.200 Thread 0x000001ad69886210 Exception <a 'sun/nio/fs/WindowsException'{0x0000000726baf3b8}> (0x0000000726baf3b8) 
thrown [t:\workspace\open\src\hotspot\share\prims\jni.cpp, line 516]
Event: 232.200 Thread 0x000001ad69886210 Exception <a 'sun/nio/fs/WindowsException'{0x0000000726bb0728}> (0x0000000726bb0728) 
thrown [t:\workspace\open\src\hotspot\share\prims\jni.cpp, line 516]
Event: 232.205 Thread 0x000001ad69886210 Exception <a 'sun/nio/fs/WindowsException'{0x0000000726bbb868}> (0x0000000726bbb868) 
thrown [t:\workspace\open\src\hotspot\share\prims\jni.cpp, line 516]
Event: 232.205 Thread 0x000001ad69886210 Exception <a 'sun/nio/fs/WindowsException'{0x0000000726bbbfa0}> (0x0000000726bbbfa0) 
thrown [t:\workspace\open\src\hotspot\share\prims\jni.cpp, line 516]
Event: 232.205 Thread 0x000001ad69886210 Exception <a 'sun/nio/fs/WindowsException'{0x0000000726bbd308}> (0x0000000726bbd308) 
thrown [t:\workspace\open\src\hotspot\share\prims\jni.cpp, line 516]

VM Operations (20 events):
Event: 229.012 Executing VM operation: G1Concurrent done
Event: 229.012 Executing VM operation: HandshakeAllThreads
Event: 229.019 Executing VM operation: HandshakeAllThreads done
Event: 229.106 Executing VM operation: G1Concurrent
Event: 229.107 Executing VM operation: G1Concurrent done
Event: 230.043 Executing VM operation: HandshakeAllThreads
Event: 230.043 Executing VM operation: HandshakeAllThreads done
Event: 231.051 Executing VM operation: Cleanup
Event: 231.051 Executing VM operation: Cleanup done
Event: 231.867 Executing VM operation: G1CollectForAllocation
Event: 231.878 Executing VM operation: G1CollectForAllocation done
Event: 231.881 Executing VM operation: G1CollectForAllocation
Event: 231.890 Executing VM operation: G1CollectForAllocation done
Event: 231.899 Executing VM operation: G1CollectForAllocation
Event: 231.905 Executing VM operation: G1CollectForAllocation done
Event: 231.916 Executing VM operation: G1CollectForAllocation
Event: 231.926 Executing VM operation: G1CollectForAllocation done
Event: 232.928 Executing VM operation: Cleanup
Event: 232.928 Executing VM operation: Cleanup done
Event: 233.808 Executing VM operation: G1CollectForAllocation

Events (20 events):
Event: 230.116 Thread 0x000001ad7f68a310 flushing nmethod 0x000001ad02677010
Event: 230.116 Thread 0x000001ad7f68a310 flushing nmethod 0x000001ad02679d10
Event: 230.116 Thread 0x000001ad7f68a310 flushing nmethod 0x000001ad0267a690
Event: 230.116 Thread 0x000001ad7f68a310 flushing nmethod 0x000001ad0267cd90
Event: 230.116 Thread 0x000001ad7f68a310 flushing nmethod 0x000001ad0267d710
Event: 230.116 Thread 0x000001ad7f68a310 flushing nmethod 0x000001ad0267dd90
Event: 230.116 Thread 0x000001ad7f68a310 flushing nmethod 0x000001ad02680e10
Event: 230.116 Thread 0x000001ad7f68a310 flushing nmethod 0x000001ad02688d10
Event: 230.116 Thread 0x000001ad7f68a310 flushing nmethod 0x000001ad0268b990
Event: 230.116 Thread 0x000001ad7f68a310 flushing nmethod 0x000001ad0268cd10
Event: 230.116 Thread 0x000001ad7f68a310 flushing nmethod 0x000001ad02696510
Event: 230.116 Thread 0x000001ad7f68a310 flushing nmethod 0x000001ad02696e90
Event: 230.116 Thread 0x000001ad7f68a310 flushing nmethod 0x000001ad02697290
Event: 230.116 Thread 0x000001ad7f68a310 flushing nmethod 0x000001ad02697690
Event: 230.116 Thread 0x000001ad7f68a310 flushing nmethod 0x000001ad02698f10
Event: 230.116 Thread 0x000001ad7f68a310 flushing nmethod 0x000001ad0269a290
Event: 230.116 Thread 0x000001ad7f68a310 flushing nmethod 0x000001ad0269c110
Event: 230.116 Thread 0x000001ad7f68a310 flushing nmethod 0x000001ad0269e010
Event: 230.116 Thread 0x000001ad7f68a310 flushing nmethod 0x000001ad0269fd10
Event: 230.116 Thread 0x000001ad7f68a310 flushing nmethod 0x000001ad026a2490


Dynamic libraries:
0x00007ff739e50000 - 0x00007ff739e60000 	C:\Program Files\Java\jdk-17.0.1\bin\java.exe
0x00007fff9b240000 - 0x00007fff9b4a8000 	C:\WINDOWS\SYSTEM32\ntdll.dll
0x00007fff99a70000 - 0x00007fff99b39000 	C:\WINDOWS\System32\KERNEL32.DLL
0x00007fff988f0000 - 0x00007fff98ce1000 	C:\WINDOWS\System32\KERNELBASE.dll
0x00007fff97d70000 - 0x00007fff97ebb000 	C:\WINDOWS\System32\ucrtbase.dll
0x00007fff88840000 - 0x00007fff8885a000 	C:\Program Files\Java\jdk-17.0.1\bin\VCRUNTIME140.dll
0x00007fff88880000 - 0x00007fff88898000 	C:\Program Files\Java\jdk-17.0.1\bin\jli.dll
0x00007fff9a110000 - 0x00007fff9a1c4000 	C:\WINDOWS\System32\ADVAPI32.dll
0x00007fff99ce0000 - 0x00007fff99d89000 	C:\WINDOWS\System32\msvcrt.dll
0x00007fff98fe0000 - 0x00007fff99086000 	C:\WINDOWS\System32\sechost.dll
0x00007fff9a1d0000 - 0x00007fff9a2e8000 	C:\WINDOWS\System32\RPCRT4.dll
0x00007fff99490000 - 0x00007fff99656000 	C:\WINDOWS\System32\USER32.dll
0x00007fff97b20000 - 0x00007fff97b47000 	C:\WINDOWS\System32\win32u.dll
0x00007fff77930000 - 0x00007fff77bc3000 	C:\WINDOWS\WinSxS\amd64_microsoft.windows.common-controls_6595b64144ccf1df_6.0.26100.7824_none_3e0870b2e3345462\COMCTL32.dll
0x00007fff9a390000 - 0x00007fff9a3bb000 	C:\WINDOWS\System32\GDI32.dll
0x00007fff98730000 - 0x00007fff9885b000 	C:\WINDOWS\System32\gdi32full.dll
0x00007fff97cc0000 - 0x00007fff97d63000 	C:\WINDOWS\System32\msvcp_win.dll
0x00007fff8fbc0000 - 0x00007fff8fbcb000 	C:\WINDOWS\SYSTEM32\VERSION.dll
0x00007fff99f00000 - 0x00007fff99f31000 	C:\WINDOWS\System32\IMM32.DLL
0x00007fff8d570000 - 0x00007fff8d57c000 	C:\Program Files\Java\jdk-17.0.1\bin\vcruntime140_1.dll
0x00007fff56b10000 - 0x00007fff56b9d000 	C:\Program Files\Java\jdk-17.0.1\bin\msvcp140.dll
0x00007ffea3a90000 - 0x00007ffea464e000 	C:\Program Files\Java\jdk-17.0.1\bin\server\jvm.dll
0x00007fff9aa90000 - 0x00007fff9aa98000 	C:\WINDOWS\System32\PSAPI.DLL
0x00007fff83840000 - 0x00007fff83875000 	C:\WINDOWS\SYSTEM32\WINMM.dll
0x00007fff87990000 - 0x00007fff8799a000 	C:\WINDOWS\SYSTEM32\WSOCK32.dll
0x00007fff9a2f0000 - 0x00007fff9a364000 	C:\WINDOWS\System32\WS2_32.dll
0x00007fff96880000 - 0x00007fff9689b000 	C:\WINDOWS\SYSTEM32\kernel.appcore.dll
0x00007fff888c0000 - 0x00007fff888ca000 	C:\Program Files\Java\jdk-17.0.1\bin\jimage.dll
0x00007fff959c0000 - 0x00007fff95c02000 	C:\WINDOWS\SYSTEM32\DBGHELP.DLL
0x00007fff99660000 - 0x00007fff999e6000 	C:\WINDOWS\System32\combase.dll
0x00007fff99d90000 - 0x00007fff99e67000 	C:\WINDOWS\System32\OLEAUT32.dll
0x00007fff7f400000 - 0x00007fff7f43b000 	C:\WINDOWS\SYSTEM32\dbgcore.DLL
0x00007fff98cf0000 - 0x00007fff98d95000 	C:\WINDOWS\System32\bcryptPrimitives.dll
0x00007fff73ff0000 - 0x00007fff74015000 	C:\Program Files\Java\jdk-17.0.1\bin\java.dll
0x00007fff37b70000 - 0x00007fff37c46000 	C:\Program Files\Java\jdk-17.0.1\bin\svml.dll
0x00007fff9aaa0000 - 0x00007fff9b1f2000 	C:\WINDOWS\System32\SHELL32.dll
0x00007fff97b50000 - 0x00007fff97cba000 	C:\WINDOWS\System32\wintypes.dll
0x00007fff97ec0000 - 0x00007fff98723000 	C:\WINDOWS\System32\windows.storage.dll
0x00007fff99390000 - 0x00007fff99486000 	C:\WINDOWS\System32\SHCORE.dll
0x00007fff999f0000 - 0x00007fff99a57000 	C:\WINDOWS\System32\shlwapi.dll
0x00007fff97a10000 - 0x00007fff97a39000 	C:\WINDOWS\SYSTEM32\profapi.dll
0x00007fff87ef0000 - 0x00007fff87f09000 	C:\Program Files\Java\jdk-17.0.1\bin\net.dll
0x00007fff8fe60000 - 0x00007fff8ff87000 	C:\WINDOWS\SYSTEM32\WINHTTP.dll
0x00007fff96dd0000 - 0x00007fff96e3b000 	C:\WINDOWS\system32\mswsock.dll
0x00007fff7e780000 - 0x00007fff7e795000 	C:\Program Files\Java\jdk-17.0.1\bin\nio.dll
0x00007fff75950000 - 0x00007fff75968000 	C:\Program Files\Java\jdk-17.0.1\bin\zip.dll
0x0000000069ac0000 - 0x0000000069ae4000 	C:\apache-maven-3.9.5\lib\jansi-native\Windows\x86_64\jansi.dll
0x00007fff87ae0000 - 0x00007fff87af0000 	C:\Program Files\Java\jdk-17.0.1\bin\verify.dll
0x00007fff969a0000 - 0x00007fff969d6000 	C:\WINDOWS\SYSTEM32\ntmarta.dll

dbghelp: loaded successfully - version: 4.0.5 - missing functions: none
symbol engine: initialized successfully - sym options: 0x614 - pdb path: .;C:\Program Files\Java\jdk-17.0.1\bin;C:\WINDOWS\SYSTEM32;C:\WINDOWS\WinSxS\amd64_microsoft.windows.common-controls_6595b64144ccf1df_6.0.26100.7824_none_3e0870b2e3345462;C:\Program Files\Java\jdk-17.0.1\bin\server;C:\apache-maven-3.9.5\lib\jansi-native\Windows\x86_64

VM Arguments:
jvm_args: -Dclassworlds.conf=C:\apache-maven-3.9.5\bin\m2.conf -Dmaven.home=C:\apache-maven-3.9.5 -Dlibrary.jansi.path=C:\apache-maven-3.9.5\lib\jansi-native -Dmaven.multiModuleProjectDirectory=D:\BOB Projects\OlympicAcadmyManagement\olympic-academy-management 
java_command: org.codehaus.plexus.classworlds.launcher.Launcher clean compile
java_class_path (initial): C:\apache-maven-3.9.5\boot\plexus-classworlds-2.7.0.jar
Launcher Type: SUN_STANDARD

[Global flags]
     intx CICompilerCount                          = 4                                         {product} {ergonomic}
     uint ConcGCThreads                            = 3                                         {product} {ergonomic}
     uint G1ConcRefinementThreads                  = 10                                        {product} {ergonomic}
   size_t G1HeapRegionSize                         = 2097152                                   {product} {ergonomic}
    uintx GCDrainStackTargetSize                   = 64                                        {product} {ergonomic}
   size_t InitialHeapSize                          = 266338304                                 {product} {ergonomic}
   size_t MarkStackSize                            = 4194304                                   {product} {ergonomic}
   size_t MaxHeapSize                              = 4240441344                                {product} {ergonomic}
   size_t MaxNewSize                               = 2543845376                                {product} {ergonomic}
   size_t MinHeapDeltaBytes                        = 2097152                                   {product} {ergonomic}
   size_t MinHeapSize                              = 8388608                                   {product} {ergonomic}
    uintx NonNMethodCodeHeapSize                   = 5839372                                {pd product} {ergonomic}
    uintx NonProfiledCodeHeapSize                  = 122909434                              {pd product} {ergonomic}
    uintx ProfiledCodeHeapSize                     = 122909434                              {pd product} {ergonomic}
    uintx ReservedCodeCacheSize                    = 251658240                              {pd product} {ergonomic}
     bool SegmentedCodeCache                       = true                                      {product} {ergonomic}
   size_t SoftMaxHeapSize                          = 4240441344                             {manageable} {ergonomic}
     bool UseCompressedClassPointers               = true                           {product lp64_product} {ergonomic}
     bool UseCompressedOops                        = true                           {product lp64_product} {ergonomic}
     bool UseG1GC                                  = true                                      {product} {ergonomic}
     bool UseLargePagesIndividualAllocation        = false                                  {pd product} {ergonomic}

Logging:
Log output configuration:
 #0: stdout all=warning uptime,level,tags
 #1: stderr all=off uptime,level,tags

Environment Variables:
JAVA_HOME=C:\Program Files\Java\jdk-17.0.1
PATH=C:\Program Files\Java\jdk-17.0.1\bin;C:\Program Files\Java\jdk-17.0.1\bin;C:\Program Files\Common Files\Oracle\Java\javapath;C:\Program Files (x86)\Common Files\Oracle\Java\javapath;C:\WINDOWS\system32;C:\WINDOWS;C:\WINDOWS\System32\Wbem;C:\WINDOWS\System32\WindowsPowerShell\v1.0\;C:\WINDOWS\System32\OpenSSH\;C:\Program Files\nodejs\;C:\ProgramData\chocolatey\bin;C:\apache-maven-3.9.5\bin;C:\xampp\php;C:\Users\moeha\AppData\Local\Programs\Python\Python311\Scripts;C:\Program Files\Git\cmd;C:\Program Files (x86)\Microsoft SQL Server\160\DTS\Binn\;C:\Program Files\PuTTY\;C:\Users\moeha\AppData\Local\Programs\Python\Python311\;C:\msys64\mingw64\bin;C:\Program Files\dotnet\;C:\Users\moeha\AppData\Roaming\Python\Scripts;C:\Program Files\Heroku\bin;C:\Program Files\Java\jdk-23.0.1\bin;C:\Program Files\Docker\Docker\resources\bin;C:\Program Files\PowerShell\7-preview\preview;C:\Program Files (x86)\cloudflared\;C:\Program Files\PowerShell\7\;c:\Users\moeha\AppData\Local\Programs\cursor\resources\app\codeBin;c:\Users\moeha\AppData\Local\Programs\Trae\bin;%PYTHON_HOME%;C:\Users\moeha\AppData\Local\Programs\Python\Python312\Scripts\;C:\Users\moeha\AppData\Local\Programs\Python\Python312\;C:\Program Files\MySQL\MySQL Shell 8.0\bin\;C:\Users\moeha\AppData\Local\Microsoft\WindowsApps;C:\Users\moeha\AppData\Local\Programs\Microsoft VS Code\bin;C:\Users\moeha\AppData\Roaming\npm;C:\Users\moeha\.dotnet\tools;C:\Program Files\JetBrains\PyCharm 2024.2.2\bin;;C:\msys64\mingw64\lib\python3.11\site-packages\pip;C:\Program Files\heroku\bin;C:\Program Files\JetBrains\IntelliJ IDEA 2024.3.1.1\bin;;C:\Users\moeha\AppData\Local\GitHubDesktop\bin;C:\Users\moeha\AppData\Local\Programs\cursor\resources\app\bin;C:\Users\moeha\AppData\Local\Algoora\bin
USERNAME=BOBO
OS=Windows_NT
PROCESSOR_IDENTIFIER=Intel64 Family 6 Model 158 Stepping 10, GenuineIntel



---------------  S Y S T E M  ---------------

OS:
 Windows 10 , 64 bit Build 26100 (10.0.26100.7705)
OS uptime: 8 days 13:11 hours
Hyper-V role detected

CPU: total 12 (initial active 12) (6 cores per cpu, 2 threads per core) family 6 model 158 stepping 10 microcode 0xf8, cx8, cmov, fxsr, ht, mmx, 3dnowpref, sse, sse2, sse3, ssse3, sse4.1, sse4.2, popcnt, lzcnt, tsc, tscinvbit, avx, avx2, aes, erms, clmul, bmi1, bmi2, rtm, adx, fma, vzeroupper, clflush, clflushopt, hv

Memory: 4k page, system-wide physical 16175M (771M free)
TotalPageFile size 28356M (AvailPageFile size 721M)
current process WorkingSet (physical memory assigned to process): 723M, peak: 771M
current process commit charge ("private bytes"): 859M, peak: 1755M

vm_info: Java HotSpot(TM) 64-Bit Server VM (17.0.1+12-LTS-39) for windows-amd64 JRE (17.0.1+12-LTS-39), built on Sep 27 2021 18:41:35 by "mach5one" with MS VC++ 16.8 (VS2019)

END.
