 
 
 
============================================= 
            SWAGGER GENERATOR LOG             
============================================= 
Timestamp: Thu 09/24/2026 16:29:12.26 
 
 
 
============================================= 
        Start Parsing Generator Input         
============================================= 
 
[16:29:12.32] [DEBUG] Parsing: --project 
[16:29:12.32] [INFO] Project Name	: service 
 
[16:29:12.33] [DEBUG] Parsing: --module 
[16:29:12.33] [INFO] Module Name	: employee 
 
[16:29:12.36] [DEBUG] Parsing: --model 
[16:29:12.37] [DEBUG] Parsing: --core 
[16:29:12.38] [INFO] Tasks		:  model core 
 
[16:29:12.40] [INFO] Executing task: model 
 
 
============================================= 
           Start Generating Models            
============================================= 
 
[16:29:12.44] [INFO] Entering directory... 
[16:29:12.45] [INFO] Clearing generated model package... 
[16:29:12.46] [INFO] ✓ Generated directory cleared 
[16:29:12.47] [INFO] Found pom.xml, executing Maven... 
[16:29:12.48] [INFO] Command: mvn generate-sources -Pservice-swagger-models -Dproject-name.dot-separated=service -Dservice-name.dot-separated=employee -Dservice-name.dash-separated=employee -Dservice-name.slash-separated=employee 
 
--- MAVEN OUTPUT --- 
[16:29:32.17] [INFO] Maven execution successful 
[16:29:32.19] [INFO] Module name			: employee 
[16:29:32.20] [INFO] Project name			: service 
[16:29:32.20] [INFO] Model Folder Path	: D:\BOB Projects\OlympicAcadmyManagement\olympic-academy-management\_scripts\swagger\..\..\service\service\employee\employee-model\src\main\java\bs\service\employee\model\generated 
 
============================================= 
       Start Cleaning the Unused Models       
============================================= 
 
[16:29:32.26] [INFO] Entering generated package directory... 
[16:29:32.27] [INFO] Checking module-specific files for deletion... 
[16:29:32.28] [INFO] Deleted: ErrorVTO.java 
[16:29:32.30] [INFO] Deleted: LookupResultSet.java 
[16:29:32.31] [INFO] Deleted: LookupVTO.java 
[16:29:32.33] [INFO] Deleted: NewRecordVTO.java 
[16:29:32.37] [INFO] Deleted: Gender.java 
[16:29:32.42] [INFO] Deleted: ContactTypes.java 
[16:29:32.45] [INFO] Deleted: SessionStatus.java 
[16:29:32.48] [INFO] Deleted: SalaryTypes.java 
[16:29:32.52] [INFO] Deleted: EmployeeAttendanceStatus.java 
[16:29:32.53] [INFO] Deleted: EmployeeTypes.java 
[16:29:32.55] [INFO] Deleted: LightUserVTO.java 
[16:29:32.57] [INFO] Deleted: OrderDirections.java 
[16:29:32.58] [INFO] Cleanup completed for module: employee 
[16:29:32.59] [INFO] Completed task: model 
 
[16:29:32.61] [INFO] Executing task: core 
 
 
============================================= 
         Start Generating Controllers         
============================================= 
 
[16:29:32.72] [INFO] Entering directory... 
[16:29:32.73] [INFO] Clearing generated controller package... 
[16:29:32.76] [INFO] Generated directory cleared 
[16:29:32.77] [INFO] Found pom.xml, executing Maven... 
[16:29:32.78] [INFO] Command: mvn generate-sources -Pservice-swagger-controllers -Dproject-name.dot-separated=service -Dservice-name.dot-separated=employee -Dservice-name.dash-separated=employee -Dservice-name.slash-separated=employee 
 
--- MAVEN OUTPUT --- 
[16:29:53.27] [INFO] Maven execution successful 
[16:29:53.27] [INFO] Completed task: core 
 
 
 
============================================= 
        SWAGGER Generation Completed          
============================================= 
All tasks processed successfully 
Log file: D:\BOB Projects\OlympicAcadmyManagement\olympic-academy-management\_scripts\swagger\..\..\logs\swagger_generator_20262409.log 
