 
 
 
============================================= 
            SWAGGER GENERATOR LOG             
============================================= 
Timestamp: Fri 09/25/2026 23:00:09.21 
 
 
 
============================================= 
        Start Parsing Generator Input         
============================================= 
 
[23:00:09.28] [DEBUG] Parsing: --project 
[23:00:09.29] [INFO] Project Name	: service 
 
[23:00:09.31] [DEBUG] Parsing: --module 
[23:00:09.32] [INFO] Module Name	: trainee 
 
[23:00:09.34] [DEBUG] Parsing: --model 
[23:00:09.36] [DEBUG] Parsing: --core 
[23:00:09.37] [INFO] Tasks		:  model core 
 
[23:00:09.38] [INFO] Executing task: model 
 
 
============================================= 
           Start Generating Models            
============================================= 
 
[23:00:09.46] [INFO] Entering directory... 
[23:00:09.47] [INFO] Clearing generated model package... 
[23:00:09.48] [INFO] ✓ Generated directory cleared 
[23:00:09.48] [INFO] Found pom.xml, executing Maven... 
[23:00:09.49] [INFO] Command: mvn generate-sources -Pservice-swagger-models -Dproject-name.dot-separated=service -Dservice-name.dot-separated=trainee -Dservice-name.dash-separated=trainee -Dservice-name.slash-separated=trainee 
 
--- MAVEN OUTPUT --- 
[23:00:34.81] [INFO] Maven execution successful 
[23:00:34.82] [INFO] Module name			: trainee 
[23:00:34.83] [INFO] Project name			: service 
[23:00:34.83] [INFO] Model Folder Path	: D:\BOB Projects\OlympicAcadmyManagement\olympic-academy-management\_scripts\swagger\..\..\service\service\trainee\trainee-model\src\main\java\bs\service\trainee\model\generated 
 
============================================= 
       Start Cleaning the Unused Models       
============================================= 
 
[23:00:34.87] [INFO] Entering generated package directory... 
[23:00:34.87] [INFO] Checking module-specific files for deletion... 
[23:00:34.88] [INFO] Deleted: ErrorVTO.java 
[23:00:34.89] [INFO] Deleted: LookupResultSet.java 
[23:00:34.89] [INFO] Deleted: LookupVTO.java 
[23:00:34.90] [INFO] Deleted: NewRecordVTO.java 
[23:00:34.91] [INFO] Deleted: Gender.java 
[23:00:34.91] [INFO] Deleted: ContactTypes.java 
[23:00:34.94] [INFO] Deleted: TraineeAttendanceStatus.java 
[23:00:34.95] [INFO] Deleted: CommonEnrollmentVTO.java 
[23:00:34.96] [INFO] Deleted: LightUserVTO.java 
[23:00:34.97] [INFO] Deleted: OrderDirections.java 
[23:00:34.98] [INFO] Deleted: CourseSessionLookupVTO.java 
[23:00:34.99] [INFO] Deleted: EmployeeLookupVTO.java 
[23:00:35.00] [INFO] Cleanup completed for module: trainee 
[23:00:35.00] [INFO] Completed task: model 
 
[23:00:35.01] [INFO] Executing task: core 
 
 
============================================= 
         Start Generating Controllers         
============================================= 
 
[23:00:35.04] [INFO] Entering directory... 
[23:00:35.04] [INFO] Clearing generated controller package... 
[23:00:35.05] [INFO] Generated directory cleared 
[23:00:35.05] [INFO] Found pom.xml, executing Maven... 
[23:00:35.06] [INFO] Command: mvn generate-sources -Pservice-swagger-controllers -Dproject-name.dot-separated=service -Dservice-name.dot-separated=trainee -Dservice-name.dash-separated=trainee -Dservice-name.slash-separated=trainee 
 
--- MAVEN OUTPUT --- 
[23:00:44.34] [INFO] Maven execution successful 
[23:00:44.35] [INFO] Completed task: core 
 
 
 
============================================= 
        SWAGGER Generation Completed          
============================================= 
All tasks processed successfully 
Log file: D:\BOB Projects\OlympicAcadmyManagement\olympic-academy-management\_scripts\swagger\..\..\logs\swagger_generator_20262509.log 
