 
 
 
============================================= 
            SWAGGER GENERATOR LOG             
============================================= 
Timestamp: Fri 08/28/2026 15:47:55.50 
 
 
 
============================================= 
        Start Parsing Generator Input         
============================================= 
 
[15:47:55.63] [DEBUG] Parsing: --project 
[15:47:55.65] [INFO] Project Name	: service 
 
[15:47:55.68] [DEBUG] Parsing: --module 
[15:47:55.69] [INFO] Module Name	: employee 
 
[15:47:55.72] [DEBUG] Parsing: --model 
[15:47:55.74] [DEBUG] Parsing: --core 
[15:47:55.75] [INFO] Tasks		:  model core 
 
[15:47:55.77] [INFO] Executing task: model 
 
 
============================================= 
           Start Generating Models            
============================================= 
 
[15:47:55.83] [INFO] Entering directory... 
[15:47:55.84] [INFO] Clearing generated model package... 
[15:47:55.85] [INFO] ✓ Generated directory cleared 
[15:47:55.86] [INFO] Found pom.xml, executing Maven... 
[15:47:55.87] [INFO] Command: mvn generate-sources -Pservice-swagger-models -Dproject-name.dot-separated=service -Dservice-name.dot-separated=employee -Dservice-name.dash-separated=employee -Dservice-name.slash-separated=employee 
 
--- MAVEN OUTPUT --- 
[15:48:13.85] [INFO] Maven execution successful 
[15:48:13.86] [INFO] Module name			: employee 
[15:48:13.87] [INFO] Project name			: service 
[15:48:13.87] [INFO] Model Folder Path	: D:\BOB Projects\OlympicAcadmyManagement\olympic-academy-management\_scripts\swagger\..\..\service\service\employee\employee-model\src\main\java\bs\service\employee\model\generated 
 
============================================= 
       Start Cleaning the Unused Models       
============================================= 
 
[15:48:13.91] [INFO] Entering generated package directory... 
[15:48:13.92] [INFO] Checking module-specific files for deletion... 
[15:48:13.93] [INFO] Deleted: ErrorVTO.java 
[15:48:13.94] [INFO] Deleted: LookupResultSet.java 
[15:48:13.95] [INFO] Deleted: LookupVTO.java 
[15:48:13.97] [INFO] Deleted: NewRecordVTO.java 
[15:48:13.99] [INFO] Deleted: Gender.java 
[15:48:14.00] [INFO] Deleted: ContactTypes.java 
[15:48:14.03] [INFO] Deleted: SessionStatus.java 
[15:48:14.05] [INFO] Deleted: SalaryTypes.java 
[15:48:14.08] [INFO] Deleted: EmployeeAttendanceStatus.java 
[15:48:14.09] [INFO] Deleted: EmployeeTypes.java 
[15:48:14.11] [INFO] Deleted: LightUserVTO.java 
[15:48:14.12] [INFO] Deleted: OrderDirections.java 
[15:48:14.13] [INFO] Cleanup completed for module: employee 
[15:48:14.14] [INFO] Completed task: model 
 
[15:48:14.16] [INFO] Executing task: core 
 
 
============================================= 
         Start Generating Controllers         
============================================= 
 
[15:48:14.22] [INFO] Entering directory... 
[15:48:14.23] [INFO] Clearing generated controller package... 
[15:48:14.24] [INFO] Generated directory cleared 
[15:48:14.24] [INFO] Found pom.xml, executing Maven... 
[15:48:14.25] [INFO] Command: mvn generate-sources -Pservice-swagger-controllers -Dproject-name.dot-separated=service -Dservice-name.dot-separated=employee -Dservice-name.dash-separated=employee -Dservice-name.slash-separated=employee 
 
--- MAVEN OUTPUT --- 
[15:48:27.34] [INFO] Maven execution successful 
[15:48:27.34] [INFO] Completed task: core 
 
 
 
============================================= 
        SWAGGER Generation Completed          
============================================= 
All tasks processed successfully 
Log file: D:\BOB Projects\OlympicAcadmyManagement\olympic-academy-management\_scripts\swagger\..\..\logs\swagger_generator_20262808.log 
